[wanjerisolutions.com/index.html]
[backblue.gif]
[fade.gif]
[index.html]
[c0.wp.com/c/6.0.2/wp-includes/css/dashicons.min.css]
[c0.wp.com/c/6.0.2/wp-includes/js/thickbox/thickbox.css]
[wanjerisolutions.com/comments/feed/index.html]
[wanjerisolutions.com/feed/index.html]
[c0.wp.com/c/6.0.2/wp-includes/css/dist/block-library/style.min.css]
[c0.wp.com/c/6.0.2/wp-includes/js/mediaelement/mediaelementplayer-legacy.min.css]
[c0.wp.com/c/6.0.2/wp-includes/js/mediaelement/wp-mediaelement.min.css]
[c0.wp.com/p/woocommerce/7.0.0/packages/woocommerce-blocks/build/wc-blocks-vendors-style.css]
[c0.wp.com/p/woocommerce/7.0.0/packages/woocommerce-blocks/build/wc-blocks-style.css]
[wanjerisolutions.com/wp-content/plugins/chaty/css/chaty-front.minc03b.css]
[wanjerisolutions.com/wp-content/plugins/order-on-mobile-for-woocommerce/public/css/woocommerce-order-on-whatsapp-publicd5f7.css]
[wanjerisolutions.com/wp-content/plugins/woo-m-pesa-payment-gateway/display4963.css]
[wanjerisolutions.com/wp-content/plugins/woocommerce-menu-bar-cart/assets/css/wpmenucart-icons.min0e78.css]
[wanjerisolutions.com/wp-content/plugins/woocommerce-menu-bar-cart/assets/fonts/WPMenuCart.eot]
[wanjerisolutions.com/wp-content/plugins/woocommerce-menu-bar-cart/assets/css/wpmenucart-main.min0e78.css]
[wanjerisolutions.com/wp-content/plugins/oneclick-whatsapp-order/assets/css/main-style5b21.css]
[wanjerisolutions.com/wp-content/plugins/woo-variation-swatches/assets/css/frontend.min19ac.css]
[wanjerisolutions.com/wp-content/plugins/ti-woocommerce-wishlist/assets/fonts/tinvwl-webfontffc1.woff2]
[wanjerisolutions.com/wp-content/plugins/ti-woocommerce-wishlist/assets/css/webfont.min1717.css]
[wanjerisolutions.com/wp-content/plugins/ti-woocommerce-wishlist/assets/css/public.min1717.css]
[wanjerisolutions.com/wp-content/themes/woostify/style6b25.css]
[wanjerisolutions.com/wp-content/woostify-stylesheet/woostify-dynamic-css6b25.css]
[wanjerisolutions.com/wp-content/plugins/elementor/assets/lib/eicons/css/elementor-icons.min91ce.css]
[wanjerisolutions.com/wp-content/plugins/elementor/assets/css/frontend-lite.min3621.css]
[wanjerisolutions.com/wp-content/uploads/elementor/css/post-4148fc.css]
[wanjerisolutions.com/wp-content/uploads/elementor/css/global48fc.css]
[wanjerisolutions.com/wp-content/uploads/elementor/css/post-8348fc.css]
[wanjerisolutions.com/wp-content/plugins/elementor/assets/lib/font-awesome/css/fontawesome.min52d5.css]
[wanjerisolutions.com/wp-content/plugins/elementor/assets/lib/font-awesome/css/brands.min52d5.css]
[wanjerisolutions.com/wp-content/plugins/elementor/assets/lib/font-awesome/css/solid.min52d5.css]
[c0.wp.com/p/jetpack/11.4/css/jetpack.css]
[c0.wp.com/c/6.0.2/wp-includes/js/jquery/jquery.min.js]
[c0.wp.com/c/6.0.2/wp-includes/js/jquery/jquery-migrate.min.js]
[wanjerisolutions.com/wp-content/plugins/chaty/js/cht-front-script.minc03b.js]
[wanjerisolutions.com/wp-content/plugins/order-on-mobile-for-woocommerce/public/js/woocommerce-order-on-whatsapp-publicd5f7.js]
[wanjerisolutions.com/wp-content/plugins/woo-m-pesa-payment-gateway/trxcheck5b21.js]
[stats.wp.com/s-202241.js]
[wanjerisolutions.com/wp-includes/wlwmanifest.xml]
[wanjerisolutions.com/wp-json/oembed/1.0/embed7fa4.json]
[wanjerisolutions.com/wp-json/index.html]
[wanjerisolutions.com/wp-json/oembed/1.0/embed0e48]
[wanjerisolutions.com/wp-content/uploads/2022/08/Orange-White-Simple-Circle-M-P-Letter-Initial-Logo-1-300x300.png]
[wanjerisolutions.com/wp-content/uploads/2022/08/Orange-White-Simple-Circle-M-P-Letter-Initial-Logo-1.png]
[wanjerisolutions.com/shopping-cart-2.svg]
[wanjerisolutions.com/product-category/writing-accounts/index.html]
[wanjerisolutions.com/product-category/entertainment/index.html]
[wanjerisolutions.com/product-category/writing-tools/index.html]
[wanjerisolutions.com/product-category/super-unlocks/index.html]
[wanjerisolutions.com/wp-content/plugins/elementor/assets/css/widget-icon-box.min.css]
[wanjerisolutions.com/my-account/index.html]
[wanjerisolutions.com/wp-content/uploads/2022/08/2-1-300x300-1-300x225.png]
[wanjerisolutions.com/wishlist/index.html]
[wanjerisolutions.com/cart/index.html]
[wanjerisolutions.com/wp-content/plugins/order-on-mobile-for-woocommerce/public/img/whatsapp-button.png]
[wanjerisolutions.com/shop/writing-accounts/writing-accounts/index.html]
[wanjerisolutions.com/wp-content/uploads/2022/08/4-1-300x300-1-300x225.png]
[wanjerisolutions.com/wp-content/uploads/2022/08/3-1-300x300-1-300x225.png]
[wanjerisolutions.com/wp-content/uploads/2022/08/1-1-300x300-1-300x225.png]
[wanjerisolutions.com/shop/writing-accounts/51/index.html]
[wanjerisolutions.com/shop/writing-accounts/studypool-rising-star/index.html]
[wanjerisolutions.com/wp-content/uploads/2022/08/8-300x300-1-300x225.png]
[wanjerisolutions.com/wp-content/uploads/2022/08/1-300x300-1-300x225.png]
[wanjerisolutions.com/wp-content/uploads/2022/08/5-300x300-1-300x225.png]
[wanjerisolutions.com/shop/writing-accounts/writing-creek/index.html]
[wanjerisolutions.com/wp-content/uploads/2022/08/3-300x300-1-300x225.png]
[wanjerisolutions.com/shop/writing-tools/express-vpn/index.html]
[wanjerisolutions.com/wp-content/uploads/2022/08/Academia-300x225.jpg]
[wanjerisolutions.com/wp-content/uploads/2022/08/bartleby-300x225.jpg]
[wanjerisolutions.com/shop/writing-tools/grammarly-premium/index.html]
[wanjerisolutions.com/wp-content/uploads/2022/08/Brainly-300x225.jpg]
[wanjerisolutions.com/wp-content/uploads/2022/08/Chegg-300x225.jpg]
[wanjerisolutions.com/shop/writing-tools/nord-vpn/index.html]
[wanjerisolutions.com/shop/writing-tools/quillbot-premium/index.html]
[wanjerisolutions.com/wp-content/uploads/2022/08/CheggUnlocks1-300x225.jpeg]
[wanjerisolutions.com/wp-content/uploads/2022/08/Numerade-300x225.jpg]
[wanjerisolutions.com/shop/super-unlocks/academia-unlocks/index.html]
[wanjerisolutions.com/wp-content/uploads/2022/08/Quizlet-300x225.jpg]
[wanjerisolutions.com/wp-content/uploads/2022/08/Scribd-300x225.jpg]
[wanjerisolutions.com/shop/super-unlocks/bartleby-write-unlocks/index.html]
[wanjerisolutions.com/wp-content/plugins/elementor/assets/lib/animations/animations.min3621.css]
[wanjerisolutions.com/shop/super-unlocks/brainly-unlocks/index.html]
[c0.wp.com/c/6.0.2/wp-includes/js/thickbox/thickbox.js]
[wanjerisolutions.com/shop/super-unlocks/chegg-monthly-unlocks/index.html]
[wanjerisolutions.com/shop/super-unlocks/chegg-unlocks/index.html]
[c0.wp.com/p/woocommerce/7.0.0/assets/js/jquery-blockui/jquery.blockUI.min.js]
[c0.wp.com/p/woocommerce/7.0.0/assets/js/js-cookie/js.cookie.min.js]
[wanjerisolutions.com/shop/super-unlocks/numerade-unlocks/index.html]
[c0.wp.com/p/woocommerce/7.0.0/assets/js/frontend/woocommerce.min.js]
[c0.wp.com/p/woocommerce/7.0.0/assets/js/frontend/cart-fragments.min.js]
[c0.wp.com/c/6.0.2/wp-includes/js/underscore.min.js]
[c0.wp.com/c/6.0.2/wp-includes/js/wp-util.min.js]
[c0.wp.com/c/6.0.2/wp-includes/js/api-request.min.js]
[c0.wp.com/c/6.0.2/wp-includes/js/dist/vendor/regenerator-runtime.min.js]
[wanjerisolutions.com/shop/super-unlocks/quizlet-unlocks/index.html]
[wanjerisolutions.com/shop/super-unlocks/scribd-unlocks/index.html]
[c0.wp.com/c/6.0.2/wp-includes/js/dist/vendor/wp-polyfill.min.js]
[c0.wp.com/c/6.0.2/wp-includes/js/dist/hooks.min.js]
[wanjerisolutions.com/index9844.html]
[c0.wp.com/c/6.0.2/wp-includes/js/dist/i18n.min.js]
[c0.wp.com/c/6.0.2/wp-includes/js/dist/vendor/lodash.min.js]
[c0.wp.com/c/6.0.2/wp-includes/js/dist/url.min.js]
[c0.wp.com/c/6.0.2/wp-includes/js/dist/api-fetch.min.js]
[wanjerisolutions.com/wp-admin/admin-ajaxf809.php]
[wanjerisolutions.com/wp-content/plugins/woo-variation-swatches/assets/js/frontend.min19ac.js]
[wanjerisolutions.com/wp-content/plugins/ti-woocommerce-wishlist/assets/js/public.min1717.js]
[wanjerisolutions.com/wp-content/themes/woostify/assets/js/general.min6b25.js]
[wanjerisolutions.com/wp-content/themes/woostify/assets/js/navigation.min6b25.js]
[wanjerisolutions.com/wp-content/themes/woostify/assets/js/sticky-footer-bar.min6b25.js]
[wanjerisolutions.com/wp-content/themes/woostify/assets/js/arrive.min6b25.js]
[wanjerisolutions.com/wp-content/themes/woostify/assets/js/woocommerce/quantity-button.min6b25.js]
[wanjerisolutions.com/wp-content/themes/woostify/assets/js/woocommerce/woocommerce.min6b25.js]
[wanjerisolutions.com/wp-content/themes/woostify/assets/js/woocommerce/product-variation.min6b25.js]
[wanjerisolutions.com/wp-content/themes/woostify/assets/js/lity.min6b25.js]
[wanjerisolutions.com/wp-content/themes/woostify/assets/js/tiny-slider.min6b25.js]
[wanjerisolutions.com/wp-content/themes/woostify/assets/js/woocommerce/flickity.pkgd.min6b25.js]
[wanjerisolutions.com/wp-content/themes/woostify/assets/js/woocommerce/product-images.min6b25.js]
[wanjerisolutions.com/wp-content/themes/woostify/assets/js/easyzoom.min6b25.js]
[wanjerisolutions.com/wp-content/themes/woostify/assets/js/woocommerce/easyzoom-handle.min6b25.js]
[c0.wp.com/p/woocommerce/7.0.0/assets/js/photoswipe/photoswipe.min.js]
[c0.wp.com/p/woocommerce/7.0.0/assets/js/photoswipe/photoswipe-ui-default.min.js]
[wanjerisolutions.com/wp-content/themes/woostify/assets/js/photoswipe-init.min6b25.js]
[wanjerisolutions.com/wp-content/themes/woostify/assets/js/woocommerce/woocommerce-sidebar.min6b25.js]
[c0.wp.com/p/woocommerce/7.0.0/assets/js/frontend/add-to-cart-variation.min.js]
[wanjerisolutions.com/wp-content/themes/woostify/assets/js/woocommerce/ajax-single-add-to-cart.min6b25.js]
[wanjerisolutions.com/wp-content/plugins/elementor/assets/js/webpack.runtime.min3621.js]
[wanjerisolutions.com/wp-content/plugins/elementor/assets/js/frontend-modules.min3621.js]
[wanjerisolutions.com/wp-content/plugins/elementor/assets/lib/waypoints/waypoints.min05da.js]
[c0.wp.com/c/6.0.2/wp-includes/js/jquery/ui/core.min.js]
[wanjerisolutions.com/wp-content/plugins/elementor/assets/js/frontend.min3621.js]
[wanjerisolutions.com/index.html]
[c0.wp.com/c/6.0.2/wp-includes/css/dashicons.min.css]
[c0.wp.com/c/6.0.2/wp-includes/js/thickbox/thickbox.css]
[c0.wp.com/c/6.0.2/wp-includes/css/dist/block-library/style.min.css]
[stats.wp.com/e-202241.js]
[c0.wp.com/c/6.0.2/wp-includes/js/mediaelement/mediaelementplayer-legacy.min.css]
[c0.wp.com/c/6.0.2/wp-includes/js/mediaelement/wp-mediaelement.min.css]
[c0.wp.com/p/woocommerce/7.0.0/packages/woocommerce-blocks/build/wc-blocks-vendors-style.css]
[c0.wp.com/p/woocommerce/7.0.0/packages/woocommerce-blocks/build/wc-blocks-style.css]
[c0.wp.com/c/6.0.2/wp-includes/js/mediaelement/mejs-controls.svg]
[wanjerisolutions.com/wp-content/plugins/chaty/images/whatsapp.png]
[wanjerisolutions.com/wp-content/plugins/chaty/images/header-top.png]
[wanjerisolutions.com/wp-content/plugins/chaty/images/header-bottom.png]
[wanjerisolutions.com/wp-content/plugins/chaty/css/chaty-front.minc03b.css]
[wanjerisolutions.com/wp-content/plugins/order-on-mobile-for-woocommerce/public/css/woocommerce-order-on-whatsapp-publicd5f7.css]
[wanjerisolutions.com/wp-content/plugins/woo-m-pesa-payment-gateway/display4963.css]
[wanjerisolutions.com/wp-content/plugins/woocommerce-menu-bar-cart/assets/css/wpmenucart-icons.min0e78.css]
[wanjerisolutions.com/wp-content/plugins/woocommerce-menu-bar-cart/assets/css/wpmenucart-main.min0e78.css]
[wanjerisolutions.com/wp-content/plugins/oneclick-whatsapp-order/assets/css/main-style5b21.css]
[wanjerisolutions.com/wp-content/plugins/woo-variation-swatches/assets/css/frontend.min19ac.css]
[wanjerisolutions.com/wp-content/plugins/ti-woocommerce-wishlist/assets/fonts/tinvwl-webfontffc1.eot]
[wanjerisolutions.com/wp-content/plugins/ti-woocommerce-wishlist/assets/fonts/tinvwl-webfontffc1.woff]
[wanjerisolutions.com/wp-content/plugins/ti-woocommerce-wishlist/assets/fonts/tinvwl-webfontffc1.ttf]
[wanjerisolutions.com/wp-content/plugins/ti-woocommerce-wishlist/assets/fonts/tinvwl-webfontffc1.svg]
[wanjerisolutions.com/wp-content/plugins/ti-woocommerce-wishlist/assets/css/webfont.min1717.css]
[wanjerisolutions.com/wp-content/plugins/ti-woocommerce-wishlist/assets/css/public.min1717.css]
[wanjerisolutions.com/wp-content/themes/woostify/assets/images/pswp/default-skin.png]
[wanjerisolutions.com/wp-content/themes/woostify/assets/images/pswp/default-skin.svg]
[wanjerisolutions.com/wp-content/themes/woostify/assets/images/pswp/preloader.gif]
[wanjerisolutions.com/wp-content/plugins/woocommerce/assets/fonts/star.eot]
[wanjerisolutions.com/wp-content/plugins/woocommerce/assets/fonts/stard41d.eot]
[wanjerisolutions.com/wp-content/plugins/woocommerce/assets/fonts/star.woff]
[wanjerisolutions.com/wp-content/plugins/woocommerce/assets/fonts/star.ttf]
[wanjerisolutions.com/wp-content/plugins/woocommerce/assets/fonts/star.svg]
[wanjerisolutions.com/wp-content/plugins/woocommerce/assets/fonts/WooCommerce.eot]
[wanjerisolutions.com/wp-content/plugins/woocommerce/assets/fonts/WooCommerced41d.eot]
[wanjerisolutions.com/wp-content/plugins/woocommerce/assets/fonts/WooCommerce.woff]
[wanjerisolutions.com/wp-content/plugins/woocommerce/assets/fonts/WooCommerce.ttf]
[wanjerisolutions.com/wp-content/themes/woostify/style6b25.css]
[wanjerisolutions.com/wp-content/woostify-stylesheet/woostify-dynamic-css6b25.css]
[wanjerisolutions.com/wp-content/plugins/woocommerce/assets/fonts/WooCommerce.svg]
[wanjerisolutions.com/wp-content/plugins/elementor/assets/lib/eicons/fonts/eicons1075.woff2]
[wanjerisolutions.com/wp-content/plugins/elementor/assets/lib/eicons/fonts/eicons1075.eot]
[wanjerisolutions.com/wp-content/plugins/elementor/assets/lib/eicons/fonts/eicons1075.woff]
[wanjerisolutions.com/wp-content/plugins/elementor/assets/lib/eicons/css/elementor-icons.min91ce.css]
[wanjerisolutions.com/wp-content/plugins/elementor/assets/css/frontend-lite.min3621.css]
[wanjerisolutions.com/wp-content/uploads/elementor/css/post-4148fc.css]
[wanjerisolutions.com/wp-content/uploads/elementor/css/global48fc.css]
[wanjerisolutions.com/wp-content/plugins/elementor/assets/lib/eicons/fonts/eicons1075.ttf]
[wanjerisolutions.com/wp-content/plugins/elementor/assets/lib/eicons/fonts/eicons1075.svg]
[wanjerisolutions.com/wp-content/uploads/2022/08/student-849822_1920.jpg]
[wanjerisolutions.com/wp-content/uploads/elementor/css/post-8348fc.css]
[wanjerisolutions.com/wp-content/plugins/elementor/assets/lib/font-awesome/css/fontawesome.min52d5.css]
[wanjerisolutions.com/wp-content/plugins/elementor/assets/lib/font-awesome/webfonts/fa-brands-400.eot]
[wanjerisolutions.com/wp-content/plugins/elementor/assets/lib/font-awesome/webfonts/fa-brands-400.woff2]
[wanjerisolutions.com/wp-content/plugins/elementor/assets/lib/font-awesome/webfonts/fa-brands-400d41d.eot]
[wanjerisolutions.com/wp-content/plugins/elementor/assets/lib/font-awesome/webfonts/fa-brands-400.woff]
[wanjerisolutions.com/wp-content/plugins/elementor/assets/lib/font-awesome/webfonts/fa-brands-400.ttf]
[wanjerisolutions.com/wp-content/plugins/elementor/assets/lib/font-awesome/css/brands.min52d5.css]
[wanjerisolutions.com/wp-content/plugins/elementor/assets/lib/font-awesome/webfonts/fa-brands-400.svg]
[wanjerisolutions.com/wp-content/plugins/elementor/assets/lib/font-awesome/webfonts/fa-solid-900.eot]
[wanjerisolutions.com/wp-content/plugins/elementor/assets/lib/font-awesome/webfonts/fa-solid-900d41d.eot]
[wanjerisolutions.com/wp-content/plugins/elementor/assets/lib/font-awesome/webfonts/fa-solid-900.woff2]
[wanjerisolutions.com/wp-content/plugins/elementor/assets/lib/font-awesome/webfonts/fa-solid-900.woff]
[wanjerisolutions.com/wp-content/plugins/elementor/assets/lib/font-awesome/webfonts/fa-solid-900.ttf]
[wanjerisolutions.com/wp-content/plugins/elementor/assets/lib/font-awesome/css/solid.min52d5.css]
[wanjerisolutions.com/wp-content/plugins/elementor/assets/lib/font-awesome/webfonts/fa-solid-900.svg]
[c0.wp.com/p/jetpack/11.4/modules/shortcodes/img/slideshow-controls.png]
[c0.wp.com/p/jetpack/11.4/modules/shortcodes/img/slideshow-controls-2x.png]
[c0.wp.com/p/jetpack/11.4/modules/shortcodes/images/slide-nav.png]
[c0.wp.com/p/jetpack/11.4/modules/shortcodes/images/expand.png]
[c0.wp.com/p/jetpack/11.4/modules/shortcodes/images/collapse.png]
[secure.gravatar.com/images/grav-share-sprite.png]
[c0.wp.com/p/jetpack/11.4/css/jetpack.css]
[wanjerisolutions.com/wp-json/wp/v2/pages/83]
[wanjerisolutions.com/xmlrpc0db0.php]
[wanjerisolutions.com/wp-content/uploads/2022/08/Orange-White-Simple-Circle-M-P-Letter-Initial-Logo-1-50x50.png]
[wanjerisolutions.com/shop/index.html]
[wanjerisolutions.com/product-category/writing-accounts/feed/index.html]
[wanjerisolutions.com/wp-json/wp/v2/product_cat/18.json]
[wanjerisolutions.com/product-category/writing-accounts/shopping-cart-2.svg]
[wanjerisolutions.com/product-category/writing-accounts/index.html]
[wanjerisolutions.com/product-category/writing-tools/feed/index.html]
[wanjerisolutions.com/wp-json/wp/v2/product_cat/25.json]
[wanjerisolutions.com/product-category/writing-tools/shopping-cart-2.svg]
[wanjerisolutions.com/wp-content/uploads/2022/08/6-300x300-1-300x225.png]
[wanjerisolutions.com/wp-content/uploads/2022/08/2-300x300-1-300x225.png]
[wanjerisolutions.com/wp-content/uploads/2022/08/7-300x300-1-300x225.png]
[wanjerisolutions.com/wp-content/uploads/2022/08/4-300x300-1-300x225.png]
[wanjerisolutions.com/product-category/writing-tools/index.html]
[wanjerisolutions.com/shop/writing-tools/surfshark/index.html]
[wanjerisolutions.com/shop/writing-tools/turnitin-personal/index.html]
[wanjerisolutions.com/shop/writing-tools/windscribe-vpn/index.html]
[wanjerisolutions.com/wp-json/wp/v2/product_cat/34.json]
[wanjerisolutions.com/shop/writing-tools/wordtune/index.html]
[wanjerisolutions.com/product-category/entertainment/feed/index.html]
[wanjerisolutions.com/product-category/entertainment/shopping-cart-2.svg]
[wanjerisolutions.com/wp-content/uploads/2022/08/11-300x300-1-300x225.png]
[wanjerisolutions.com/wp-content/uploads/2022/08/9-300x300-1-300x225.png]
[wanjerisolutions.com/wp-content/uploads/2022/08/10-300x300-1-300x225.png]
[wanjerisolutions.com/product-category/entertainment/index.html]
[wanjerisolutions.com/shop/entertainment/amazon-prime-video/index.html]
[wanjerisolutions.com/shop/entertainment/compact-plus-dstv/index.html]
[wanjerisolutions.com/shop/entertainment/netflix-uhd/index.html]
[wanjerisolutions.com/product-category/super-unlocks/feed/index.html]
[wanjerisolutions.com/wp-json/wp/v2/product_cat/43.json]
[wanjerisolutions.com/product-category/super-unlocks/shopping-cart-2.svg]
[wanjerisolutions.com/wp-content/uploads/2022/08/Solutioninn-300x225.jpg]
[wanjerisolutions.com/wp-content/uploads/2022/08/StuDocu-300x225.jpg]
[wanjerisolutions.com/wp-content/uploads/2022/08/Stufypool-300x225.jpg]
[wanjerisolutions.com/product-category/super-unlocks/index.html]
[wanjerisolutions.com/shop/super-unlocks/solutioninn-unlocks/index.html]
[wanjerisolutions.com/shop/super-unlocks/studocu-unlocks/index.html]
[wanjerisolutions.com/wp-json/wp/v2/pages/16.json]
[wanjerisolutions.com/shop/super-unlocks/studypool-unlocks/index.html]
[wanjerisolutions.com/wp-json/oembed/1.0/embed9feb.json]
[wanjerisolutions.com/wp-json/oembed/1.0/embeda22e]
[wanjerisolutions.com/wishlist/shopping-cart-2.svg]
[wanjerisolutions.com/wishlist/index.html]
[c0.wp.com/p/woocommerce/7.0.0/assets/css/select2.css]
[wanjerisolutions.com/wp-json/wp/v2/pages/14.json]
[wanjerisolutions.com/wp-json/oembed/1.0/embedfa54.json]
[wanjerisolutions.com/wp-json/oembed/1.0/embed7cab]
[wanjerisolutions.com/my-account/shopping-cart-2.svg]
[wanjerisolutions.com/my-account/index.html]
[c0.wp.com/p/woocommerce/7.0.0/assets/js/selectWoo/selectWoo.full.min.js]
[wanjerisolutions.com/index3b72.html]
[wanjerisolutions.com/my-account/lost-password/index.html]
[wanjerisolutions.com/wp-json/wp/v2/pages/12.json]
[wanjerisolutions.com/wp-json/oembed/1.0/embedbc51.json]
[wanjerisolutions.com/wp-json/oembed/1.0/embed8863]
[wanjerisolutions.com/cart/shopping-cart-2.svg]
[c0.wp.com/p/woocommerce/7.0.0/assets/js/frontend/country-select.min.js]
[c0.wp.com/p/woocommerce/7.0.0/assets/js/frontend/address-i18n.min.js]
[wanjerisolutions.com/cart/index.html]
[wanjerisolutions.com/shopping-cart-2.html]
[wanjerisolutions.com/wp-content/plugins/elementor/assets/css/widget-icon-box.min.css]
[c0.wp.com/p/woocommerce/7.0.0/assets/js/frontend/cart.min.js]
[c0.wp.com/p/woocommerce/7.0.0/assets/css/photoswipe/photoswipe.min.css]
[c0.wp.com/p/woocommerce/7.0.0/assets/css/photoswipe/default-skin/default-skin.min.css]
[wanjerisolutions.com/wp-json/wp/v2/product/47.json]
[wanjerisolutions.com/wp-json/oembed/1.0/embeda5b0.json]
[wanjerisolutions.com/wp-json/oembed/1.0/embed0acc]
[wanjerisolutions.com/shop/writing-accounts/writing-accounts/shopping-cart-2.svg]
[wanjerisolutions.com/wp-content/uploads/2022/08/1-1-300x300-1-150x150.png]
[wanjerisolutions.com/wp-content/uploads/2022/08/3-1-300x300-1-150x150.png]
[wanjerisolutions.com/wp-content/uploads/2022/08/2-1-300x300-1.png]
[c0.wp.com/p/woocommerce/7.0.0/assets/js/zoom/jquery.zoom.min.js]
[c0.wp.com/p/woocommerce/7.0.0/assets/js/flexslider/jquery.flexslider.min.js]
[wanjerisolutions.com/shop/writing-accounts/writing-accounts/index.html]
[c0.wp.com/p/woocommerce/7.0.0/assets/js/frontend/single-product.min.js]
[wanjerisolutions.com/index1e32.html]
[wanjerisolutions.com/product-tag/academic-writing-accounts/index.html]
[wanjerisolutions.com/product-tag/edusson/index.html]
[wanjerisolutions.com/wp-json/wp/v2/product/51.json]
[wanjerisolutions.com/wp-json/oembed/1.0/embed0eae.json]
[wanjerisolutions.com/wp-json/oembed/1.0/embedb4e8]
[wanjerisolutions.com/wp-content/uploads/2022/08/4-1-300x300-1.png]
[wanjerisolutions.com/shop/writing-accounts/51/index.html]
[wanjerisolutions.com/index0d9f.html]
[wanjerisolutions.com/wp-json/wp/v2/product/49.json]
[wanjerisolutions.com/wp-json/oembed/1.0/embed0e93.json]
[wanjerisolutions.com/shop/writing-accounts/studypool-rising-star/shopping-cart-2.svg]
[wanjerisolutions.com/wp-content/uploads/2022/08/2-1-300x300-1-150x150.png]
[wanjerisolutions.com/wp-content/uploads/2022/08/4-1-300x300-1-150x150.png]
[wanjerisolutions.com/shop/writing-accounts/studypool-rising-star/index.html]
[wanjerisolutions.com/index3871.html]
[wanjerisolutions.com/product-tag/sudypool/index.html]
[wanjerisolutions.com/wp-includes/js/dist/vendor/lodash.minf492.js]
[wanjerisolutions.com/wp-includes/js/dist/vendor/react.minbc7c.js]
[wanjerisolutions.com/wp-includes/js/dist/vendor/wp-polyfill.min2c7c.js]
[wanjerisolutions.com/wp-includes/js/dist/vendor/regenerator-runtime.min3937.js]
[wanjerisolutions.com/wp-content/plugins/woocommerce/packages/woocommerce-blocks/build/blocks-checkout2588.js]
[wanjerisolutions.com/wp-content/plugins/woocommerce/packages/woocommerce-blocks/build/wc-blocks-registrya902.js]
[wanjerisolutions.com/wp-includes/js/dist/deprecated.min7e39.js]
[wanjerisolutions.com/wp-includes/js/dist/hooks.mincbb5.js]
[wanjerisolutions.com/wp-includes/js/dist/element.min6838.js]
[wanjerisolutions.com/wp-includes/js/dist/vendor/react-dom.minbc7c.js]
[wanjerisolutions.com/wp-includes/js/dist/escape-html.min7a51.js]
[wanjerisolutions.com/wp-content/plugins/woocommerce/packages/woocommerce-blocks/build/wc-settingse972.js]
[wanjerisolutions.com/wp-includes/js/dist/i18n.min771a.js]
[wanjerisolutions.com/wp-includes/js/dist/api-fetch.minc92a.js]
[wanjerisolutions.com/wp-includes/js/dist/url.min086b.js]
[wanjerisolutions.com/wp-includes/js/dist/compose.min0fbb.js]
[wanjerisolutions.com/wp-includes/js/dist/dom.min5bbc.js]
[wanjerisolutions.com/wp-includes/js/dist/is-shallow-equal.min2076.js]
[wanjerisolutions.com/wp-includes/js/dist/keycodes.min0597.js]
[wanjerisolutions.com/wp-includes/js/dist/priority-queue.min5ca8.js]
[wanjerisolutions.com/wp-includes/js/dist/data.mine262.js]
[wanjerisolutions.com/wp-includes/js/dist/redux-routine.min45f9.js]
[wanjerisolutions.com/wp-includes/js/dist/primitives.min85e8.js]
[wanjerisolutions.com/wp-includes/js/dist/warning.mincfa1.js]
[wanjerisolutions.com/wp-content/plugins/woocommerce/packages/woocommerce-blocks/build/wc-blocks-data740f.js]
[wanjerisolutions.com/wp-includes/js/dist/data-controls.min58fd.js]
[wanjerisolutions.com/wp-includes/js/dist/html-entities.min349a.js]
[wanjerisolutions.com/wp-includes/js/dist/notices.mina7df.js]
[wanjerisolutions.com/wp-content/plugins/woocommerce/packages/woocommerce-blocks/build/wc-blocks-middleware72cc.js]
[wanjerisolutions.com/wp-content/plugins/woocommerce/packages/woocommerce-blocks/build/wc-blocks-shared-hocs751f.js]
[wanjerisolutions.com/wp-content/plugins/woocommerce/packages/woocommerce-blocks/build/wc-blocks-shared-contextbce4.js]
[wanjerisolutions.com/wp-content/plugins/woocommerce/packages/woocommerce-blocks/build/price-format4a75.js]
[wanjerisolutions.com/wp-includes/js/dist/a11y.min416f.js]
[wanjerisolutions.com/wp-includes/js/dist/dom-ready.min9aec.js]
[wanjerisolutions.com/wp-includes/js/dist/autop.min5b69.js]
[wanjerisolutions.com/wp-includes/js/dist/plugins.mind72e.js]
[wanjerisolutions.com/wp-includes/js/dist/wordcount.mina679.js]
[wanjerisolutions.com/wp-content/plugins/woocommerce/packages/woocommerce-blocks/build/checkout-frontendfdc9.js]
[wanjerisolutions.com/wp-json/wp/v2/product/45.json]
[wanjerisolutions.com/wp-json/oembed/1.0/embed350e.json]
[wanjerisolutions.com/wp-json/oembed/1.0/embedc342]
[wanjerisolutions.com/shop/writing-accounts/writing-creek/shopping-cart-2.svg]
[wanjerisolutions.com/wp-content/uploads/2022/08/1-1-300x300-1.png]
[wanjerisolutions.com/shop/writing-accounts/writing-creek/index.html]
[wanjerisolutions.com/indexec93.html]
[wanjerisolutions.com/product-tag/academic-accounts/index.html]
[wanjerisolutions.com/product-tag/writing-accounts/index.html]
[wanjerisolutions.com/wp-json/wp/v2/product/67.json]
[wanjerisolutions.com/wp-json/oembed/1.0/embed5515.json]
[wanjerisolutions.com/wp-json/oembed/1.0/embede2af]
[wanjerisolutions.com/shop/writing-tools/express-vpn/shopping-cart-2.svg]
[wanjerisolutions.com/wp-content/uploads/2022/08/7-300x300-1-150x150.png]
[wanjerisolutions.com/wp-content/uploads/2022/08/1-300x300-1-150x150.png]
[wanjerisolutions.com/wp-content/uploads/2022/08/8-300x300-1.png]
[wanjerisolutions.com/shop/writing-tools/express-vpn/index.html]
[wanjerisolutions.com/index1950.html]
[wanjerisolutions.com/product-tag/express-vpn/index.html]
[wanjerisolutions.com/wp-json/wp/v2/product/53.json]
[wanjerisolutions.com/wp-json/oembed/1.0/embed1a40.json]
[wanjerisolutions.com/wp-json/oembed/1.0/embed95bf]
[wanjerisolutions.com/shop/writing-tools/grammarly-premium/shopping-cart-2.svg]
[wanjerisolutions.com/wp-content/uploads/2022/08/8-300x300-1-150x150.png]
[wanjerisolutions.com/wp-content/uploads/2022/08/2-300x300-1-150x150.png]
[wanjerisolutions.com/wp-content/uploads/2022/08/1-300x300-1.png]
[wanjerisolutions.com/shop/writing-tools/grammarly-premium/index.html]
[wanjerisolutions.com/indexacaf.html]
[wanjerisolutions.com/product-tag/grammarly/index.html]
[wanjerisolutions.com/wp-json/wp/v2/product/61.json]
[wanjerisolutions.com/wp-json/oembed/1.0/embed7d55.json]
[wanjerisolutions.com/wp-json/oembed/1.0/embedfa56]
[wanjerisolutions.com/shop/writing-tools/nord-vpn/shopping-cart-2.svg]
[wanjerisolutions.com/wp-content/uploads/2022/08/4-300x300-1-150x150.png]
[wanjerisolutions.com/wp-content/uploads/2022/08/6-300x300-1-150x150.png]
[wanjerisolutions.com/wp-content/uploads/2022/08/5-300x300-1.png]
[wanjerisolutions.com/shop/writing-tools/nord-vpn/index.html]
[wanjerisolutions.com/index3f1d.html]
[wanjerisolutions.com/product-tag/nord-vpn/index.html]
[wanjerisolutions.com/wp-json/wp/v2/product/57.json]
[wanjerisolutions.com/wp-json/oembed/1.0/embed1926.json]
[wanjerisolutions.com/wp-json/oembed/1.0/embed2955]
[wanjerisolutions.com/shop/writing-tools/quillbot-premium/shopping-cart-2.svg]
[wanjerisolutions.com/wp-content/uploads/2022/08/3-300x300-1.png]
[wanjerisolutions.com/shop/writing-tools/quillbot-premium/index.html]
[wanjerisolutions.com/index7547.html]
[wanjerisolutions.com/product-tag/quillbot/index.html]
[wanjerisolutions.com/wp-json/wp/v2/product/605.json]
[wanjerisolutions.com/wp-json/oembed/1.0/embed4bbe.json]
[wanjerisolutions.com/wp-json/oembed/1.0/embed4d1a]
[wanjerisolutions.com/shop/super-unlocks/academia-unlocks/shopping-cart-2.svg]
[wanjerisolutions.com/wp-content/uploads/2022/08/CheggUnlocks1-150x150.jpg]
[wanjerisolutions.com/wp-content/uploads/2022/08/Chegg-150x150.jpg]
[wanjerisolutions.com/wp-content/uploads/2022/08/Academia.jpg]
[wanjerisolutions.com/wp-content/uploads/2022/08/Academia-600x568.jpg]
[wanjerisolutions.com/shop/super-unlocks/academia-unlocks/index.html]
[wanjerisolutions.com/product-tag/academia-unlocks/index.html]
[wanjerisolutions.com/index9d1e.html]
[wanjerisolutions.com/wp-json/wp/v2/product/636.json]
[wanjerisolutions.com/wp-json/oembed/1.0/embed751d.json]
[wanjerisolutions.com/wp-json/oembed/1.0/embed2822]
[wanjerisolutions.com/shop/super-unlocks/bartleby-write-unlocks/shopping-cart-2.svg]
[wanjerisolutions.com/wp-content/uploads/2022/08/Quizlet-150x150.jpg]
[wanjerisolutions.com/wp-content/uploads/2022/08/Solutioninn-150x150.jpg]
[wanjerisolutions.com/wp-content/uploads/2022/08/bartleby.jpg]
[wanjerisolutions.com/wp-content/uploads/2022/08/bartleby-600x483.jpg]
[wanjerisolutions.com/shop/super-unlocks/bartleby-write-unlocks/index.html]
[wanjerisolutions.com/index08f3.html]
[wanjerisolutions.com/product-tag/unlocks/index.html]
[wanjerisolutions.com/wp-json/wp/v2/product/624.json]
[wanjerisolutions.com/wp-json/oembed/1.0/embed7b02.json]
[wanjerisolutions.com/wp-json/oembed/1.0/embed6024]
[wanjerisolutions.com/shop/super-unlocks/brainly-unlocks/shopping-cart-2.svg]
[wanjerisolutions.com/wp-content/uploads/2022/08/Numerade-150x150.jpg]
[wanjerisolutions.com/wp-content/uploads/2022/08/Brainly.jpg]
[wanjerisolutions.com/wp-content/uploads/2022/08/Brainly-600x443.jpg]
[wanjerisolutions.com/shop/super-unlocks/brainly-unlocks/index.html]
[wanjerisolutions.com/index066c.html]
[wanjerisolutions.com/wp-json/wp/v2/product/608.json]
[wanjerisolutions.com/wp-json/oembed/1.0/embedd1cb.json]
[wanjerisolutions.com/wp-json/oembed/1.0/embeda46c]
[wanjerisolutions.com/shop/super-unlocks/chegg-monthly-unlocks/shopping-cart-2.svg]
[wanjerisolutions.com/wp-content/uploads/2022/08/Academia-150x150.jpg]
[wanjerisolutions.com/wp-content/uploads/2022/08/Brainly-150x150.jpg]
[wanjerisolutions.com/wp-content/uploads/2022/08/Chegg.jpg]
[wanjerisolutions.com/shop/super-unlocks/chegg-monthly-unlocks/index.html]
[wanjerisolutions.com/index884e.html]
[wanjerisolutions.com/wp-json/wp/v2/product/640.json]
[wanjerisolutions.com/wp-json/oembed/1.0/embedb0c7.json]
[wanjerisolutions.com/wp-json/oembed/1.0/embedf1a7]
[wanjerisolutions.com/shop/super-unlocks/chegg-unlocks/shopping-cart-2.svg]
[wanjerisolutions.com/wp-content/uploads/2022/08/CheggUnlocks1.jpg]
[wanjerisolutions.com/wp-content/uploads/2022/08/CheggUnlocks1-600x660.jpg]
[wanjerisolutions.com/shop/super-unlocks/chegg-unlocks/index.html]
[wanjerisolutions.com/index1353.html]
[wanjerisolutions.com/wp-json/wp/v2/product/626.json]
[wanjerisolutions.com/wp-json/oembed/1.0/embed6706.json]
[wanjerisolutions.com/wp-json/oembed/1.0/embed3808]
[wanjerisolutions.com/shop/super-unlocks/numerade-unlocks/shopping-cart-2.svg]
[wanjerisolutions.com/wp-content/uploads/2022/08/Scribd-150x150.jpg]
[wanjerisolutions.com/wp-content/uploads/2022/08/Numerade.jpg]
[wanjerisolutions.com/wp-content/uploads/2022/08/Numerade-600x334.jpg]
[wanjerisolutions.com/shop/super-unlocks/numerade-unlocks/index.html]
[wanjerisolutions.com/indexab5b.html]
[wanjerisolutions.com/wp-json/wp/v2/product/634.json]
[wanjerisolutions.com/wp-json/oembed/1.0/embed0f23.json]
[wanjerisolutions.com/wp-json/oembed/1.0/embed1d8f]
[wanjerisolutions.com/shop/super-unlocks/quizlet-unlocks/shopping-cart-2.svg]
[wanjerisolutions.com/wp-content/uploads/2022/08/StuDocu-150x150.jpg]
[wanjerisolutions.com/wp-content/uploads/2022/08/bartleby-150x150.jpg]
[wanjerisolutions.com/wp-content/uploads/2022/08/Quizlet.jpg]
[wanjerisolutions.com/wp-content/uploads/2022/08/Quizlet-600x466.jpg]
[wanjerisolutions.com/shop/super-unlocks/quizlet-unlocks/index.html]
[wanjerisolutions.com/index47a0.html]
[wanjerisolutions.com/wp-json/wp/v2/product/628.json]
[wanjerisolutions.com/wp-json/oembed/1.0/embedfbf6.json]
[wanjerisolutions.com/wp-json/oembed/1.0/embed941d]
[wanjerisolutions.com/shop/super-unlocks/scribd-unlocks/shopping-cart-2.svg]
[wanjerisolutions.com/wp-content/uploads/2022/08/Stufypool-150x150.jpg]
[wanjerisolutions.com/wp-content/uploads/2022/08/Scribd.jpg]
[wanjerisolutions.com/wp-content/uploads/2022/08/Scribd-600x435.jpg]
[wanjerisolutions.com/shop/super-unlocks/scribd-unlocks/index.html]
[wanjerisolutions.com/indexba15.html]
[wanjerisolutions.com/index9844.html]
[wanjerisolutions.com/shop/feed/index.html]
[wanjerisolutions.com/wp-content/plugins/jetpack/_inc/blocks/contact-info/viewd946.css]
[wanjerisolutions.com/page/2/index9844.html]
[wanjerisolutions.com/page/3/index9844.html]
[wanjerisolutions.com/wp-content/plugins/elementor/assets/lib/animations/animations.min3621.css]
[wanjerisolutions.com/wp-admin/admin-ajaxf809.html]
[c0.wp.com/c/6.0.2/wp-includes/js/mediaelement/mejs-controls.svg]
[wanjerisolutions.com/wp-content/plugins/ti-woocommerce-wishlist/assets/fonts/tinvwl-webfontffc1.svg]
[wanjerisolutions.com/wp-content/themes/woostify/assets/images/pswp/default-skin.svg]
[wanjerisolutions.com/wp-content/plugins/woocommerce/assets/fonts/star.svg]
[wanjerisolutions.com/wp-content/plugins/woocommerce/assets/fonts/WooCommerce.svg]
[wanjerisolutions.com/wp-content/plugins/elementor/assets/lib/eicons/fonts/eicons1075.svg]
[wanjerisolutions.com/wp-content/plugins/elementor/assets/lib/font-awesome/webfonts/fa-brands-400.svg]
[wanjerisolutions.com/wp-content/plugins/elementor/assets/lib/font-awesome/webfonts/fa-solid-900.svg]
[wanjerisolutions.com/shop/shopping-cart-2.153.delayed]
[wanjerisolutions.com/shop/index.html]
[wanjerisolutions.com/product-category/writing-accounts/shopping-cart-2.html]
[wanjerisolutions.com/product-category/writing-accounts/index1e32.html]
[wanjerisolutions.com/product-category/writing-accounts/index0d9f.html]
[wanjerisolutions.com/product-category/writing-accounts/index3871.html]
[wanjerisolutions.com/product-category/writing-accounts/indexec93.html]
[wanjerisolutions.com/product-category/writing-tools/shopping-cart-2.html]
[wanjerisolutions.com/product-category/writing-tools/index1950.html]
[wanjerisolutions.com/product-category/writing-tools/indexacaf.html]
[wanjerisolutions.com/product-category/writing-tools/index3f1d.html]
[wanjerisolutions.com/product-category/writing-tools/index7547.html]
[wanjerisolutions.com/shop/page/2/index.html]
[wanjerisolutions.com/wp-json/wp/v2/product/64.json]
[wanjerisolutions.com/shop/page/3/index.html]
[wanjerisolutions.com/wp-json/oembed/1.0/embeda39d.json]
[wanjerisolutions.com/wp-json/oembed/1.0/embed6f7f]
[wanjerisolutions.com/shop/writing-tools/surfshark/shopping-cart-2.svg]
[wanjerisolutions.com/wp-content/uploads/2022/08/5-300x300-1-150x150.png]
[wanjerisolutions.com/wp-content/uploads/2022/08/6-300x300-1.png]
[wanjerisolutions.com/shop/writing-tools/surfshark/index.html]
[wanjerisolutions.com/product-category/writing-tools/indexedb8.html]
[wanjerisolutions.com/product-tag/surfshark/index.html]
[wanjerisolutions.com/wp-json/wp/v2/product/55.json]
[wanjerisolutions.com/wp-json/oembed/1.0/embed6e7c.json]
[wanjerisolutions.com/wp-json/oembed/1.0/embed8196]
[wanjerisolutions.com/shop/writing-tools/turnitin-personal/shopping-cart-2.svg]
[wanjerisolutions.com/wp-content/uploads/2022/08/3-300x300-1-150x150.png]
[wanjerisolutions.com/wp-content/uploads/2022/08/2-300x300-1.png]
[wanjerisolutions.com/shop/writing-tools/turnitin-personal/index.html]
[wanjerisolutions.com/product-category/writing-tools/index9d7e.html]
[wanjerisolutions.com/product-tag/turnitin/index.html]
[wanjerisolutions.com/wp-json/wp/v2/product/65.json]
[wanjerisolutions.com/wp-json/oembed/1.0/embed208f.json]
[wanjerisolutions.com/wp-json/oembed/1.0/embed7b95]
[wanjerisolutions.com/shop/writing-tools/windscribe-vpn/shopping-cart-2.svg]
[wanjerisolutions.com/wp-content/uploads/2022/08/7-300x300-1.png]
[wanjerisolutions.com/shop/writing-tools/windscribe-vpn/index.html]
[wanjerisolutions.com/product-category/writing-tools/index2c21.html]
[wanjerisolutions.com/product-tag/windscribe-vpn/index.html]
[wanjerisolutions.com/wp-json/wp/v2/product/59.json]
[wanjerisolutions.com/wp-json/oembed/1.0/embed4227.json]
[wanjerisolutions.com/wp-json/oembed/1.0/embed5f62]
[wanjerisolutions.com/shop/writing-tools/wordtune/shopping-cart-2.svg]
[wanjerisolutions.com/wp-content/uploads/2022/08/4-300x300-1.png]
[wanjerisolutions.com/shop/writing-tools/wordtune/index.html]
[wanjerisolutions.com/product-category/writing-tools/indexaa11.html]
[wanjerisolutions.com/product-category/entertainment/shopping-cart-2.html]
[wanjerisolutions.com/product-tag/wordtune/index.html]
[wanjerisolutions.com/wp-json/wp/v2/product/76.json]
[wanjerisolutions.com/wp-json/oembed/1.0/embed916f.json]
[wanjerisolutions.com/wp-json/oembed/1.0/embedf3a9]
[wanjerisolutions.com/shop/entertainment/amazon-prime-video/shopping-cart-2.svg]
[wanjerisolutions.com/wp-content/uploads/2022/08/10-300x300-1-150x150.png]
[wanjerisolutions.com/wp-content/uploads/2022/08/9-300x300-1-150x150.png]
[wanjerisolutions.com/wp-content/uploads/2022/08/11-300x300-1.png]
[wanjerisolutions.com/shop/entertainment/amazon-prime-video/index.html]
[wanjerisolutions.com/product-category/entertainment/index499f.html]
[wanjerisolutions.com/product-tag/amazon-prime-video/index.html]
[wanjerisolutions.com/wp-json/wp/v2/product/72.json]
[wanjerisolutions.com/wp-json/oembed/1.0/embedfb31.json]
[wanjerisolutions.com/wp-json/oembed/1.0/embed0592]
[wanjerisolutions.com/shop/entertainment/compact-plus-dstv/shopping-cart-2.svg]
[wanjerisolutions.com/wp-content/uploads/2022/08/11-300x300-1-150x150.png]
[wanjerisolutions.com/wp-content/uploads/2022/08/9-300x300-1.png]
[wanjerisolutions.com/shop/entertainment/compact-plus-dstv/index.html]
[wanjerisolutions.com/product-category/entertainment/indexebbf.html]
[wanjerisolutions.com/product-tag/dstv-logins/index.html]
[wanjerisolutions.com/wp-json/wp/v2/product/74.json]
[wanjerisolutions.com/wp-json/oembed/1.0/embed1b7a.json]
[wanjerisolutions.com/wp-json/oembed/1.0/embed21ec]
[wanjerisolutions.com/shop/entertainment/netflix-uhd/shopping-cart-2.svg]
[wanjerisolutions.com/wp-content/uploads/2022/08/10-300x300-1.png]
[wanjerisolutions.com/shop/entertainment/netflix-uhd/index.html]
[wanjerisolutions.com/product-category/entertainment/index66bc.html]
[wanjerisolutions.com/product-category/super-unlocks/shopping-cart-2.html]
[wanjerisolutions.com/product-tag/netflix/index.html]
[wanjerisolutions.com/product-category/super-unlocks/index9d1e.html]
[wanjerisolutions.com/product-category/super-unlocks/index08f3.html]
[wanjerisolutions.com/product-category/super-unlocks/index066c.html]
[wanjerisolutions.com/product-category/super-unlocks/index884e.html]
[wanjerisolutions.com/product-category/super-unlocks/index1353.html]
[wanjerisolutions.com/product-category/super-unlocks/indexab5b.html]
[wanjerisolutions.com/product-category/super-unlocks/index47a0.html]
[wanjerisolutions.com/product-category/super-unlocks/indexba15.html]
[wanjerisolutions.com/wp-json/wp/v2/product/638.json]
[wanjerisolutions.com/wp-json/oembed/1.0/embed4458.json]
[wanjerisolutions.com/wp-json/oembed/1.0/embed3fa4]
[wanjerisolutions.com/shop/super-unlocks/solutioninn-unlocks/shopping-cart-2.svg]
[wanjerisolutions.com/wp-content/uploads/2022/08/Solutioninn.jpg]
[wanjerisolutions.com/wp-content/uploads/2022/08/Solutioninn-600x437.jpg]
[wanjerisolutions.com/shop/super-unlocks/solutioninn-unlocks/index.html]
[wanjerisolutions.com/product-category/super-unlocks/indexa459.html]
[wanjerisolutions.com/wp-json/wp/v2/product/632.json]
[wanjerisolutions.com/wp-json/oembed/1.0/embedac80.json]
[wanjerisolutions.com/wp-json/oembed/1.0/embed51e6]
[wanjerisolutions.com/shop/super-unlocks/studocu-unlocks/shopping-cart-2.svg]
[wanjerisolutions.com/wp-content/uploads/2022/08/StuDocu.jpg]
[wanjerisolutions.com/wp-content/uploads/2022/08/StuDocu-600x454.jpg]
[wanjerisolutions.com/shop/super-unlocks/studocu-unlocks/index.html]
[wanjerisolutions.com/product-category/super-unlocks/indexca8f.html]
[wanjerisolutions.com/wp-json/wp/v2/product/630.json]
[wanjerisolutions.com/wp-json/oembed/1.0/embedd0d2.json]
[wanjerisolutions.com/wp-json/oembed/1.0/embedda72]
[wanjerisolutions.com/shop/super-unlocks/studypool-unlocks/shopping-cart-2.svg]
[wanjerisolutions.com/wp-content/uploads/2022/08/Stufypool.jpg]
[wanjerisolutions.com/shop/super-unlocks/studypool-unlocks/index.html]
[wanjerisolutions.com/product-category/super-unlocks/indexa3fb.html]
[wanjerisolutions.com/index0e62.html]
[wanjerisolutions.com/wishlist/shopping-cart-2.html]
[c0.wp.com/p/woocommerce/7.0.0/assets/css/select2.css]
[wanjerisolutions.com/index0b69.html]
[wanjerisolutions.com/my-account/shopping-cart-2.html]
[c0.wp.com/c/6.0.2/wp-includes/js/zxcvbn-async.min.js]
[c0.wp.com/c/6.0.2/wp-admin/js/password-strength-meter.min.js]
[c0.wp.com/p/woocommerce/7.0.0/assets/js/frontend/password-strength-meter.min.js]
[c0.wp.com/p/woocommerce/7.0.0/assets/js/frontend/lost-password.min.js]
[wanjerisolutions.com/my-account/lost-password/index.html]
[wanjerisolutions.com/index3b72.html]
[wanjerisolutions.com/index678b.html]
[wanjerisolutions.com/cart/shopping-cart-2.html]
[c0.wp.com/p/woocommerce/7.0.0/assets/css/photoswipe/default-skin/default-skin.png]
[c0.wp.com/p/woocommerce/7.0.0/assets/css/photoswipe/photoswipe.min.css]
[c0.wp.com/p/woocommerce/7.0.0/assets/css/photoswipe/default-skin/default-skin.svg]
[wanjerisolutions.com/my-account/lost-password/shopping-cart-2.svg/index.html]
[c0.wp.com/p/woocommerce/7.0.0/assets/css/photoswipe/default-skin/preloader.gif]
[c0.wp.com/p/woocommerce/7.0.0/assets/css/photoswipe/default-skin/default-skin.min.css]
[wanjerisolutions.com/indexcb30.html]
[wanjerisolutions.com/shop/writing-accounts/writing-accounts/shopping-cart-2.html]
[wanjerisolutions.com/wp-json/wp/v2/product_tag/22.json]
[wanjerisolutions.com/product-tag/academic-writing-accounts/feed/index.html]
[wanjerisolutions.com/product-tag/academic-writing-accounts/shopping-cart-2.svg]
[wanjerisolutions.com/product-tag/academic-writing-accounts/index.html]
[wanjerisolutions.com/wp-json/wp/v2/product_tag/21.json]
[wanjerisolutions.com/product-tag/edusson/feed/index.html]
[wanjerisolutions.com/product-tag/edusson/shopping-cart-2.svg]
[wanjerisolutions.com/product-tag/edusson/index.html]
[wanjerisolutions.com/shop/writing-accounts/writing-accounts/index3871.html]
[wanjerisolutions.com/shop/writing-accounts/writing-accounts/index0d9f.html]
[wanjerisolutions.com/shop/writing-accounts/writing-accounts/indexec93.html]
[wanjerisolutions.com/index8cf7.html]
[wanjerisolutions.com/product-tag/livingstone-research/index.html]
[wanjerisolutions.com/shop/writing-accounts/51/shopping-cart-2.svg]
[wanjerisolutions.com/shop/writing-accounts/51/indexec93.html]
[wanjerisolutions.com/shop/writing-accounts/51/index3871.html]
[wanjerisolutions.com/index0012.html]
[wanjerisolutions.com/shop/writing-accounts/studypool-rising-star/shopping-cart-2.html]
[wanjerisolutions.com/wp-content/uploads/2022/08/3-1-300x300-1.png]
[wanjerisolutions.com/wp-json/oembed/1.0/embedc2f7]
[wanjerisolutions.com/product-tag/sudypool/feed/index.html]
[wanjerisolutions.com/wp-json/wp/v2/product_tag/23.json]
[wanjerisolutions.com/product-tag/sudypool/shopping-cart-2.svg]
[wanjerisolutions.com/product-tag/sudypool/index.html]
[wanjerisolutions.com/shop/writing-accounts/studypool-rising-star/index0d9f.html]
[wanjerisolutions.com/shop/writing-accounts/studypool-rising-star/index1e32.html]
[wanjerisolutions.com/shop/writing-accounts/studypool-rising-star/indexec93.html]
[wanjerisolutions.com/index5e74.html]
[wanjerisolutions.com/shop/writing-accounts/writing-creek/shopping-cart-2.html]
[wanjerisolutions.com/product-tag/academic-accounts/feed/index.html]
[wanjerisolutions.com/wp-content/plugins/woocommerce/packages/woocommerce-blocks/build/cart-frontend0461.js]
[wanjerisolutions.com/wp-json/wp/v2/product_tag/19.json]
[wanjerisolutions.com/product-tag/academic-accounts/shopping-cart-2.svg]
[wanjerisolutions.com/product-tag/academic-accounts/index.html]
[wanjerisolutions.com/wp-json/wp/v2/product_tag/20.json]
[wanjerisolutions.com/product-tag/writing-accounts/feed/index.html]
[wanjerisolutions.com/product-tag/writing-accounts/shopping-cart-2.svg]
[wanjerisolutions.com/product-tag/writing-accounts/index.html]
[wanjerisolutions.com/shop/writing-accounts/writing-creek/index3871.html]
[wanjerisolutions.com/shop/writing-accounts/writing-creek/index0d9f.html]
[wanjerisolutions.com/shop/writing-accounts/writing-creek/index1e32.html]
[wanjerisolutions.com/cart/index2fdf.html]
[wanjerisolutions.com/index96f1.html]
[wanjerisolutions.com/shop/writing-tools/express-vpn/shopping-cart-2.html]
[wanjerisolutions.com/wp-json/wp/v2/product_tag/32.json]
[wanjerisolutions.com/product-tag/express-vpn/feed/index.html]
[wanjerisolutions.com/product-tag/express-vpn/shopping-cart-2.svg]
[wanjerisolutions.com/product-tag/express-vpn/index.html]
[wanjerisolutions.com/shop/writing-tools/express-vpn/indexedb8.html]
[wanjerisolutions.com/shop/writing-tools/express-vpn/indexaa11.html]
[wanjerisolutions.com/shop/writing-tools/express-vpn/index3f1d.html]
[wanjerisolutions.com/shop/writing-tools/express-vpn/index2c21.html]
[wanjerisolutions.com/cart/indexfbe9.html]
[wanjerisolutions.com/index5fb3.html]
[wanjerisolutions.com/shop/writing-tools/grammarly-premium/shopping-cart-2.html]
[wanjerisolutions.com/wp-json/wp/v2/product_tag/26.json]
[wanjerisolutions.com/product-tag/grammarly/feed/index.html]
[wanjerisolutions.com/product-tag/grammarly/shopping-cart-2.svg]
[wanjerisolutions.com/product-tag/grammarly/index.html]
[wanjerisolutions.com/shop/writing-tools/grammarly-premium/index9d7e.html]
[wanjerisolutions.com/shop/writing-tools/grammarly-premium/index7547.html]
[wanjerisolutions.com/shop/writing-tools/grammarly-premium/index1950.html]
[wanjerisolutions.com/shop/writing-tools/grammarly-premium/index3f1d.html]
[wanjerisolutions.com/cart/indexcbfe.html]
[wanjerisolutions.com/index094d.html]
[wanjerisolutions.com/shop/writing-tools/nord-vpn/shopping-cart-2.html]
[wanjerisolutions.com/product-tag/nord-vpn/feed/index.html]
[wanjerisolutions.com/wp-json/wp/v2/product_tag/30.json]
[wanjerisolutions.com/product-tag/nord-vpn/shopping-cart-2.svg]
[wanjerisolutions.com/product-tag/nord-vpn/index.html]
[wanjerisolutions.com/shop/writing-tools/nord-vpn/index2c21.html]
[wanjerisolutions.com/shop/writing-tools/nord-vpn/indexaa11.html]
[wanjerisolutions.com/shop/writing-tools/nord-vpn/indexacaf.html]
[wanjerisolutions.com/shop/writing-tools/nord-vpn/index1950.html]
[wanjerisolutions.com/cart/index0643.html]
[wanjerisolutions.com/index9787.html]
[wanjerisolutions.com/shop/writing-tools/quillbot-premium/shopping-cart-2.html]
[wanjerisolutions.com/product-tag/quillbot/feed/index.html]
[wanjerisolutions.com/wp-json/wp/v2/product_tag/28.json]
[wanjerisolutions.com/product-tag/quillbot/shopping-cart-2.svg]
[wanjerisolutions.com/product-tag/quillbot/index.html]
[wanjerisolutions.com/shop/writing-tools/quillbot-premium/index1950.html]
[wanjerisolutions.com/shop/writing-tools/quillbot-premium/indexaa11.html]
[wanjerisolutions.com/shop/writing-tools/quillbot-premium/index2c21.html]
[wanjerisolutions.com/shop/writing-tools/quillbot-premium/index9d7e.html]
[wanjerisolutions.com/cart/index487a.html]
[wanjerisolutions.com/index0acd.html]
[wanjerisolutions.com/shop/super-unlocks/academia-unlocks/shopping-cart-2.html]
[wanjerisolutions.com/product-tag/academia-unlocks/feed/index.html]
[wanjerisolutions.com/wp-json/wp/v2/product_tag/44.json]
[wanjerisolutions.com/product-tag/academia-unlocks/shopping-cart-2.svg]
[wanjerisolutions.com/product-tag/academia-unlocks/index.html]
[wanjerisolutions.com/shop/super-unlocks/academia-unlocks/index1353.html]
[wanjerisolutions.com/shop/super-unlocks/academia-unlocks/indexca8f.html]
[wanjerisolutions.com/shop/super-unlocks/academia-unlocks/index066c.html]
[wanjerisolutions.com/shop/super-unlocks/academia-unlocks/index47a0.html]
[wanjerisolutions.com/cart/index7f45.html]
[wanjerisolutions.com/index8989.html]
[wanjerisolutions.com/shop/super-unlocks/bartleby-write-unlocks/shopping-cart-2.html]
[wanjerisolutions.com/wp-json/wp/v2/product_tag/45.json]
[wanjerisolutions.com/product-tag/unlocks/feed/index.html]
[wanjerisolutions.com/product-tag/unlocks/shopping-cart-2.svg]
[wanjerisolutions.com/product-tag/unlocks/index.html]
[wanjerisolutions.com/shop/super-unlocks/bartleby-write-unlocks/indexa459.html]
[wanjerisolutions.com/shop/super-unlocks/bartleby-write-unlocks/indexba15.html]
[wanjerisolutions.com/shop/super-unlocks/bartleby-write-unlocks/indexab5b.html]
[wanjerisolutions.com/shop/super-unlocks/bartleby-write-unlocks/index1353.html]
[wanjerisolutions.com/cart/index2799.html]
[wanjerisolutions.com/index5a14.html]
[wanjerisolutions.com/shop/super-unlocks/brainly-unlocks/shopping-cart-2.html]
[wanjerisolutions.com/shop/super-unlocks/brainly-unlocks/index884e.html]
[wanjerisolutions.com/shop/super-unlocks/brainly-unlocks/index9d1e.html]
[wanjerisolutions.com/shop/super-unlocks/brainly-unlocks/indexba15.html]
[wanjerisolutions.com/shop/super-unlocks/brainly-unlocks/index1353.html]
[wanjerisolutions.com/cart/index5780.html]
[wanjerisolutions.com/indexa180.html]
[wanjerisolutions.com/shop/super-unlocks/chegg-monthly-unlocks/shopping-cart-2.html]
[wanjerisolutions.com/shop/super-unlocks/chegg-monthly-unlocks/indexca8f.html]
[wanjerisolutions.com/shop/super-unlocks/chegg-monthly-unlocks/indexba15.html]
[wanjerisolutions.com/shop/super-unlocks/chegg-monthly-unlocks/indexa3fb.html]
[wanjerisolutions.com/shop/super-unlocks/chegg-monthly-unlocks/index1353.html]
[wanjerisolutions.com/cart/index1efc.html]
[wanjerisolutions.com/index55df.html]
[wanjerisolutions.com/shop/super-unlocks/chegg-unlocks/shopping-cart-2.html]
[wanjerisolutions.com/shop/super-unlocks/chegg-unlocks/index08f3.html]
[wanjerisolutions.com/shop/super-unlocks/chegg-unlocks/index884e.html]
[wanjerisolutions.com/shop/super-unlocks/chegg-unlocks/index9d1e.html]
[wanjerisolutions.com/shop/super-unlocks/chegg-unlocks/index47a0.html]
[wanjerisolutions.com/cart/index833a.html]
[wanjerisolutions.com/indexe90e.html]
[wanjerisolutions.com/shop/super-unlocks/numerade-unlocks/shopping-cart-2.html]
[wanjerisolutions.com/shop/super-unlocks/numerade-unlocks/index884e.html]
[wanjerisolutions.com/shop/super-unlocks/numerade-unlocks/indexba15.html]
[wanjerisolutions.com/shop/super-unlocks/numerade-unlocks/index9d1e.html]
[wanjerisolutions.com/shop/super-unlocks/numerade-unlocks/indexca8f.html]
[wanjerisolutions.com/index5cd0.html]
[wanjerisolutions.com/shop/super-unlocks/quizlet-unlocks/shopping-cart-2.html]
[wanjerisolutions.com/shop/super-unlocks/quizlet-unlocks/index9d1e.html]
[wanjerisolutions.com/shop/super-unlocks/quizlet-unlocks/indexa3fb.html]
[wanjerisolutions.com/shop/super-unlocks/quizlet-unlocks/index1353.html]
[wanjerisolutions.com/shop/super-unlocks/quizlet-unlocks/index884e.html]
[wanjerisolutions.com/cart/index2fdb.html]
[wanjerisolutions.com/cart/index2229.html]
[wanjerisolutions.com/cart/index2dcb.html]
[wanjerisolutions.com/index9c09.html]
[wanjerisolutions.com/shop/super-unlocks/scribd-unlocks/shopping-cart-2.html]
[wanjerisolutions.com/shop/super-unlocks/scribd-unlocks/index47a0.html]
[wanjerisolutions.com/shop/super-unlocks/scribd-unlocks/index08f3.html]
[wanjerisolutions.com/shop/super-unlocks/scribd-unlocks/indexca8f.html]
[wanjerisolutions.com/shop/super-unlocks/scribd-unlocks/indexa459.html]
[wanjerisolutions.com/index499f.html]
[wanjerisolutions.com/indexebbf.html]
[wanjerisolutions.com/index66bc.html]
[wanjerisolutions.com/page/2/shopping-cart-2.1ab.delayed]
[wanjerisolutions.com/page/2/index9844.html]
[wanjerisolutions.com/page/3/shopping-cart-2.svg]
[wanjerisolutions.com/page/3/index9844.html]
[wanjerisolutions.com/cart/index7e45.html]
[wanjerisolutions.com/shop/shopping-cart-2.html]
[wanjerisolutions.com/shop/index9d1e.html]
[wanjerisolutions.com/shop/index499f.html]
[wanjerisolutions.com/shop/index08f3.html]
[wanjerisolutions.com/shop/index066c.html]
[wanjerisolutions.com/shop/index884e.html]
[wanjerisolutions.com/shop/index1353.html]
[wanjerisolutions.com/shop/indexebbf.html]
[wanjerisolutions.com/shop/index1e32.html]
[wanjerisolutions.com/shop/index1950.html]
[wanjerisolutions.com/shop/indexacaf.html]
[wanjerisolutions.com/shop/index0d9f.html]
[wanjerisolutions.com/shop/index66bc.html]
[wanjerisolutions.com/shop/page/2/shopping-cart-2.1ad.delayed]
[wanjerisolutions.com/shop/page/2/index.html]
[wanjerisolutions.com/shop/page/3/shopping-cart-2.svg]
[wanjerisolutions.com/shop/page/3/index.html]
[wanjerisolutions.com/index8cd4.html]
[wanjerisolutions.com/shop/writing-tools/surfshark/shopping-cart-2.html]
[wanjerisolutions.com/product-tag/surfshark/index.html]
[wanjerisolutions.com/shop/writing-tools/surfshark/index1950.html]
[wanjerisolutions.com/shop/writing-tools/surfshark/index9d7e.html]
[wanjerisolutions.com/shop/writing-tools/surfshark/indexacaf.html]
[wanjerisolutions.com/shop/writing-tools/surfshark/index7547.html]
[wanjerisolutions.com/index8054.html]
[wanjerisolutions.com/shop/writing-tools/turnitin-personal/shopping-cart-2.html]
[wanjerisolutions.com/product-tag/turnitin/feed/index.html]
[wanjerisolutions.com/wp-json/wp/v2/product_tag/27.json]
[wanjerisolutions.com/product-tag/turnitin/index.html]
[wanjerisolutions.com/shop/writing-tools/turnitin-personal/index7547.html]
[wanjerisolutions.com/shop/writing-tools/turnitin-personal/indexedb8.html]
[wanjerisolutions.com/shop/writing-tools/turnitin-personal/index3f1d.html]
[wanjerisolutions.com/shop/writing-tools/turnitin-personal/index1950.html]
[wanjerisolutions.com/index7665.html]
[wanjerisolutions.com/shop/writing-tools/windscribe-vpn/shopping-cart-2.html]
[wanjerisolutions.com/product-tag/windscribe-vpn/shopping-cart-2.1b4.delayed]
[wanjerisolutions.com/product-tag/windscribe-vpn/index.html]
[wanjerisolutions.com/shop/writing-tools/windscribe-vpn/index3f1d.html]
[wanjerisolutions.com/shop/writing-tools/windscribe-vpn/index9d7e.html]
[wanjerisolutions.com/shop/writing-tools/windscribe-vpn/index1950.html]
[wanjerisolutions.com/shop/writing-tools/windscribe-vpn/indexedb8.html]
[wanjerisolutions.com/cart/index3be8.html]
[wanjerisolutions.com/index1098.html]
[wanjerisolutions.com/shop/writing-tools/wordtune/shopping-cart-2.html]
[wanjerisolutions.com/product-tag/wordtune/feed/index.html]
[wanjerisolutions.com/product-tag/wordtune/shopping-cart-2.1b6.delayed]
[wanjerisolutions.com/product-tag/wordtune/index.html]
[wanjerisolutions.com/shop/writing-tools/wordtune/index7547.html]
[wanjerisolutions.com/shop/writing-tools/wordtune/indexacaf.html]
[wanjerisolutions.com/shop/writing-tools/wordtune/index2c21.html]
[wanjerisolutions.com/shop/writing-tools/wordtune/index9d7e.html]
[wanjerisolutions.com/cart/indexd81e.html]
[wanjerisolutions.com/index04cd.html]
[wanjerisolutions.com/shop/entertainment/amazon-prime-video/shopping-cart-2.html]
[wanjerisolutions.com/wp-json/wp/v2/product_tag/37.json]
[wanjerisolutions.com/product-tag/amazon-prime-video/feed/index.html]
[wanjerisolutions.com/product-tag/amazon-prime-video/shopping-cart-2.svg]
[wanjerisolutions.com/product-tag/amazon-prime-video/index.html]
[wanjerisolutions.com/shop/entertainment/amazon-prime-video/indexebbf.html]
[wanjerisolutions.com/shop/entertainment/amazon-prime-video/index66bc.html]
[wanjerisolutions.com/cart/index61ae.html]
[wanjerisolutions.com/indexae74.html]
[wanjerisolutions.com/shop/entertainment/compact-plus-dstv/shopping-cart-2.html]
[wanjerisolutions.com/product-tag/dstv-logins/feed/index.html]
[wanjerisolutions.com/wp-json/wp/v2/product_tag/35.json]
[wanjerisolutions.com/product-tag/dstv-logins/shopping-cart-2.svg]
[wanjerisolutions.com/product-tag/dstv-logins/index.html]
[wanjerisolutions.com/shop/entertainment/compact-plus-dstv/index66bc.html]
[wanjerisolutions.com/shop/entertainment/compact-plus-dstv/index499f.html]
[wanjerisolutions.com/cart/index5817.html]
[wanjerisolutions.com/index49a5.html]
[wanjerisolutions.com/shop/entertainment/netflix-uhd/shopping-cart-2.html]
[wanjerisolutions.com/product-tag/netflix/feed/index.html]
[wanjerisolutions.com/wp-json/wp/v2/product_tag/36.json]
[wanjerisolutions.com/product-tag/netflix/shopping-cart-2.svg]
[wanjerisolutions.com/product-tag/netflix/index.html]
[wanjerisolutions.com/shop/entertainment/netflix-uhd/indexebbf.html]
[wanjerisolutions.com/shop/entertainment/netflix-uhd/index499f.html]
[wanjerisolutions.com/cart/indexc4dc.html]
[wanjerisolutions.com/indexc9fb.html]
[wanjerisolutions.com/shop/super-unlocks/solutioninn-unlocks/shopping-cart-2.html]
[wanjerisolutions.com/shop/super-unlocks/solutioninn-unlocks/index066c.html]
[wanjerisolutions.com/shop/super-unlocks/solutioninn-unlocks/indexba15.html]
[wanjerisolutions.com/shop/super-unlocks/solutioninn-unlocks/indexa3fb.html]
[wanjerisolutions.com/shop/super-unlocks/solutioninn-unlocks/index47a0.html]
[wanjerisolutions.com/cart/indexed6a.html]
[wanjerisolutions.com/indexf8fc.html]
[wanjerisolutions.com/shop/super-unlocks/studocu-unlocks/shopping-cart-2.html]
[wanjerisolutions.com/shop/super-unlocks/studocu-unlocks/indexa459.html]
[wanjerisolutions.com/shop/super-unlocks/studocu-unlocks/index066c.html]
[wanjerisolutions.com/shop/super-unlocks/studocu-unlocks/index08f3.html]
[wanjerisolutions.com/shop/super-unlocks/studocu-unlocks/index1353.html]
[wanjerisolutions.com/cart/index4cba.html]
[wanjerisolutions.com/indexa1c1.html]
[wanjerisolutions.com/shop/super-unlocks/studypool-unlocks/shopping-cart-2.html]
[wanjerisolutions.com/shop/super-unlocks/studypool-unlocks/index9d1e.html]
[wanjerisolutions.com/shop/super-unlocks/studypool-unlocks/indexab5b.html]
[wanjerisolutions.com/shop/super-unlocks/studypool-unlocks/index47a0.html]
[wanjerisolutions.com/shop/super-unlocks/studypool-unlocks/index1353.html]
[wanjerisolutions.com/cart/index9c19.html]
[wanjerisolutions.com/my-account/lost-password/shopping-cart-2.svg/index.html]
[c0.wp.com/p/woocommerce/7.0.0/assets/css/photoswipe/default-skin/default-skin.svg]
[wanjerisolutions.com/product-tag/academic-writing-accounts/shopping-cart-2.html]
[wanjerisolutions.com/my-account/lost-password/shopping-cart-2.svg/shopping-cart-2.svg/index.html]
[wanjerisolutions.com/product-tag/academic-writing-accounts/index1e32.html]
[wanjerisolutions.com/product-tag/edusson/shopping-cart-2.html]
[wanjerisolutions.com/product-tag/edusson/index1e32.html]
[wanjerisolutions.com/shop/writing-accounts/51/shopping-cart-2.svg]
[wanjerisolutions.com/product-tag/livingstone-research/feed/index.html]
[wanjerisolutions.com/wp-json/wp/v2/product_tag/24.json]
[wanjerisolutions.com/product-tag/livingstone-research/shopping-cart-2.svg]
[wanjerisolutions.com/product-tag/livingstone-research/index.html]
[wanjerisolutions.com/shop/writing-accounts/51/index1e32.html]
[wanjerisolutions.com/product-tag/sudypool/shopping-cart-2.html]
[wanjerisolutions.com/product-tag/sudypool/index3871.html]
[wanjerisolutions.com/cart/indexa0ff.html]
[wanjerisolutions.com/product-tag/academic-accounts/shopping-cart-2.html]
[wanjerisolutions.com/product-tag/academic-accounts/indexec93.html]
[wanjerisolutions.com/cart/indexba81.html]
[wanjerisolutions.com/product-tag/writing-accounts/shopping-cart-2.html]
[wanjerisolutions.com/product-tag/writing-accounts/indexec93.html]
[wanjerisolutions.com/shop/writing-accounts/writing-creek/indexaafe.html]
[wanjerisolutions.com/product-tag/express-vpn/shopping-cart-2.html]
[wanjerisolutions.com/cart/index0e48.html]
[wanjerisolutions.com/product-tag/express-vpn/index1950.html]
[wanjerisolutions.com/shop/writing-tools/express-vpn/indexaafe.html]
[wanjerisolutions.com/product-tag/grammarly/shopping-cart-2.html]
[wanjerisolutions.com/cart/index0df1.html]
[wanjerisolutions.com/product-tag/grammarly/indexacaf.html]
[wanjerisolutions.com/cart/index54e2.html]
[wanjerisolutions.com/shop/writing-tools/grammarly-premium/indexaafe.html]
[wanjerisolutions.com/product-tag/nord-vpn/shopping-cart-2.html]
[wanjerisolutions.com/cart/index3708.html]
[wanjerisolutions.com/product-tag/nord-vpn/index3f1d.html]
[wanjerisolutions.com/shop/writing-tools/nord-vpn/indexaafe.html]
[wanjerisolutions.com/product-tag/quillbot/shopping-cart-2.html]
[wanjerisolutions.com/cart/indexc9bb.html]
[wanjerisolutions.com/product-tag/quillbot/index7547.html]
[wanjerisolutions.com/shop/writing-tools/quillbot-premium/indexaafe.html]
[wanjerisolutions.com/product-tag/academia-unlocks/shopping-cart-2.html]
[wanjerisolutions.com/cart/index34ed.html]
[wanjerisolutions.com/product-tag/academia-unlocks/index9d1e.html]
[wanjerisolutions.com/shop/super-unlocks/academia-unlocks/indexaafe.html]
[wanjerisolutions.com/product-tag/unlocks/shopping-cart-2.html]
[wanjerisolutions.com/cart/index732b.html]
[wanjerisolutions.com/product-tag/unlocks/index08f3.html]
[wanjerisolutions.com/product-tag/unlocks/index066c.html]
[wanjerisolutions.com/product-tag/unlocks/index884e.html]
[wanjerisolutions.com/product-tag/unlocks/index1353.html]
[wanjerisolutions.com/product-tag/unlocks/indexab5b.html]
[wanjerisolutions.com/product-tag/unlocks/index47a0.html]
[wanjerisolutions.com/product-tag/unlocks/indexba15.html]
[wanjerisolutions.com/product-tag/unlocks/indexa459.html]
[wanjerisolutions.com/product-tag/unlocks/indexca8f.html]
[wanjerisolutions.com/product-tag/unlocks/indexa3fb.html]
[wanjerisolutions.com/shop/super-unlocks/bartleby-write-unlocks/indexaafe.html]
[wanjerisolutions.com/shop/super-unlocks/brainly-unlocks/indexaafe.html]
[wanjerisolutions.com/shop/super-unlocks/chegg-monthly-unlocks/indexaafe.html]
[wanjerisolutions.com/shop/super-unlocks/chegg-unlocks/indexaafe.html]
[wanjerisolutions.com/shop/super-unlocks/quizlet-unlocks/indexaafe.html]
[wanjerisolutions.com/page/2/shopping-cart-2.html]
[wanjerisolutions.com/cart/index0953.html]
[wanjerisolutions.com/cart/indexd0e3.html]
[wanjerisolutions.com/cart/index1d6c.html]
[wanjerisolutions.com/cart/index6283.html]
[wanjerisolutions.com/cart/index7597.html]
[wanjerisolutions.com/cart/indexb280.html]
[wanjerisolutions.com/page/2/index3f1d.html]
[wanjerisolutions.com/page/2/indexab5b.html]
[wanjerisolutions.com/page/2/index7547.html]
[wanjerisolutions.com/page/2/index47a0.html]
[wanjerisolutions.com/page/2/indexba15.html]
[wanjerisolutions.com/page/2/indexa459.html]
[wanjerisolutions.com/page/2/indexca8f.html]
[wanjerisolutions.com/page/2/index3871.html]
[wanjerisolutions.com/page/2/indexa3fb.html]
[wanjerisolutions.com/page/2/indexedb8.html]
[wanjerisolutions.com/page/2/index9d7e.html]
[wanjerisolutions.com/page/2/index2c21.html]
[wanjerisolutions.com/page/1/index9844.html]
[wanjerisolutions.com/cart/index8e78.html]
[wanjerisolutions.com/page/3/shopping-cart-2.html]
[wanjerisolutions.com/page/3/indexaa11.html]
[wanjerisolutions.com/page/3/indexec93.html]
[wanjerisolutions.com/index3de8.html]
[wanjerisolutions.com/shop/page/2/shopping-cart-2.html]
[wanjerisolutions.com/cart/index230a.html]
[wanjerisolutions.com/shop/page/2/index3f1d.html]
[wanjerisolutions.com/shop/page/2/indexab5b.html]
[wanjerisolutions.com/shop/page/2/index7547.html]
[wanjerisolutions.com/shop/page/2/index47a0.html]
[wanjerisolutions.com/shop/page/2/indexba15.html]
[wanjerisolutions.com/shop/page/2/indexa459.html]
[wanjerisolutions.com/shop/page/2/indexca8f.html]
[wanjerisolutions.com/shop/page/2/index3871.html]
[wanjerisolutions.com/shop/page/2/indexa3fb.html]
[wanjerisolutions.com/shop/page/2/indexedb8.html]
[wanjerisolutions.com/shop/page/2/index9d7e.html]
[wanjerisolutions.com/shop/page/2/index2c21.html]
[wanjerisolutions.com/shop/page/1/index.html]
[wanjerisolutions.com/shop/page/3/shopping-cart-2.html]
[wanjerisolutions.com/shop/page/3/indexec93.html]
[wanjerisolutions.com/product-tag/surfshark/feed/index.html]
[wanjerisolutions.com/product-tag/surfshark/shopping-cart-2.svg]
[wanjerisolutions.com/product-tag/surfshark/indexedb8.html]
[wanjerisolutions.com/product-tag/turnitin/index9d7e.html]
[wanjerisolutions.com/product-tag/windscribe-vpn/feed/index.html]
[wanjerisolutions.com/product-tag/turnitin/shopping-cart-2.svg]
[wanjerisolutions.com/product-tag/windscribe-vpn/shopping-cart-2.html]
[wanjerisolutions.com/product-tag/windscribe-vpn/index2c21.html]
[wanjerisolutions.com/shop/writing-tools/windscribe-vpn/indexaafe.html]
[wanjerisolutions.com/product-tag/wordtune/shopping-cart-2.html]
[wanjerisolutions.com/cart/index4e8c.html]
[wanjerisolutions.com/product-tag/wordtune/indexaa11.html]
[wanjerisolutions.com/shop/writing-tools/wordtune/indexaafe.html]
[wanjerisolutions.com/product-tag/amazon-prime-video/shopping-cart-2.html]
[wanjerisolutions.com/cart/index213d.html]
[wanjerisolutions.com/product-tag/amazon-prime-video/index499f.html]
[wanjerisolutions.com/shop/entertainment/amazon-prime-video/indexaafe.html]
[wanjerisolutions.com/product-tag/dstv-logins/shopping-cart-2.html]
[wanjerisolutions.com/cart/index5222.html]
[wanjerisolutions.com/product-tag/dstv-logins/indexebbf.html]
[wanjerisolutions.com/shop/entertainment/compact-plus-dstv/indexaafe.html]
[wanjerisolutions.com/product-tag/netflix/shopping-cart-2.html]
[wanjerisolutions.com/product-tag/netflix/index66bc.html]
[wanjerisolutions.com/shop/entertainment/netflix-uhd/indexaafe.html]
[wanjerisolutions.com/shop/super-unlocks/solutioninn-unlocks/indexaafe.html]
[wanjerisolutions.com/shop/super-unlocks/studocu-unlocks/indexaafe.html]
[wanjerisolutions.com/shop/super-unlocks/studypool-unlocks/indexaafe.html]
[wanjerisolutions.com/wp-json/wp/v2/product_tag/33]
[wanjerisolutions.com/wp-json/wp/v2/product_tag/31]
[wanjerisolutions.com/wp-json/wp/v2/product_tag/29]
[wanjerisolutions.com/my-account/lost-password/shopping-cart-2.svg/shopping-cart-2.svg/index.html]
[wanjerisolutions.com/my-account/lost-password/shopping-cart-2.svg/shopping-cart-2.svg/shopping-cart-2.svg/index.html]
[wanjerisolutions.com/cart/index217f.html]
[wanjerisolutions.com/cart/index5f8f.html]
[wanjerisolutions.com/cart/index2412.html]
[wanjerisolutions.com/product-tag/livingstone-research/shopping-cart-2.html]
[wanjerisolutions.com/product-tag/livingstone-research/index0d9f.html]
[wanjerisolutions.com/product-tag/sudypool/indexaafe.html]
[wanjerisolutions.com/product-tag/academic-accounts/indexaafe.html]
[wanjerisolutions.com/product-tag/grammarly/indexaafe.html]
[wanjerisolutions.com/page/2/index3de8.html]
[wanjerisolutions.com/shop/page/3/indexaa11.html]
[wanjerisolutions.com/product-tag/surfshark/shopping-cart-2.svg]
[wanjerisolutions.com/product-tag/turnitin/shopping-cart-2.svg]
[wanjerisolutions.com/my-account/lost-password/shopping-cart-2.svg/shopping-cart-2.svg/shopping-cart-2.svg/index.html]
[wanjerisolutions.com/cart/index300e.html]
[wanjerisolutions.com/cart/index7986.html]
[wanjerisolutions.com/cart/indexfcdf.html]
[wanjerisolutions.com/cart/index7186.html]
[wanjerisolutions.com/my-account/lost-password/shopping-cart-2.svg/shopping-cart-2.svg/shopping-cart-2.svg/shopping-cart-2.svg/index.html]
[wanjerisolutions.com/my-account/lost-password/shopping-cart-2.svg/shopping-cart-2.svg/shopping-cart-2.svg/shopping-cart-2.svg/index.html]
[wanjerisolutions.com/my-account/lost-password/shopping-cart-2.svg/shopping-cart-2.svg/shopping-cart-2.svg/shopping-cart-2.svg/shopping-cart-2.svg/index.html]
[wanjerisolutions.com/my-account/lost-password/shopping-cart-2.svg/shopping-cart-2.svg/shopping-cart-2.svg/shopping-cart-2.svg/shopping-cart-2.svg/index.html]
[wanjerisolutions.com/my-account/lost-password/shopping-cart-2.svg/shopping-cart-2.svg/shopping-cart-2.svg/shopping-cart-2.svg/shopping-cart-2.svg/shopping-cart-2.svg/index.html]
[wanjerisolutions.com/my-account/lost-password/shopping-cart-2.svg/shopping-cart-2.svg/shopping-cart-2.svg/shopping-cart-2.svg/shopping-cart-2.svg/shopping-cart-2.svg/index.html]
[wanjerisolutions.com/my-account/lost-password/shopping-cart-2.svg/shopping-cart-2.svg/shopping-cart-2.svg/shopping-cart-2.svg/shopping-cart-2.svg/shopping-cart-2.svg/shopping-cart-2.svg/index.html]
[wanjerisolutions.com/my-account/lost-password/shopping-cart-2.svg/shopping-cart-2.svg/shopping-cart-2.svg/shopping-cart-2.svg/shopping-cart-2.svg/shopping-cart-2.svg/shopping-cart-2.svg/index.html]
[wanjerisolutions.com/my-account/lost-password/shopping-cart-2.svg/shopping-cart-2.svg/shopping-cart-2.svg/shopping-cart-2.svg/shopping-cart-2.svg/shopping-cart-2.svg/shoppin/shopping-cart-2.1c5.del]
[wanjerisolutions.com/my-account/lost-password/shopping-cart-2.svg/shopping-cart-2.svg/shopping-cart-2.svg/shopping-cart-2.svg/shopping-cart-2.svg/shopping-cart-2.svg/shopping-cart-2.svg/index-2.html]
[wanjerisolutions.com/my-account/lost-password/shopping-cart-2.svg/shopping-cart-2.svg/shopping-cart-2.svg/shopping-cart-2.svg/shopping-cart-2.svg/shopping-cart-2.svg/shopping-cart-2.svg/index-2.html]
[wanjerisolutions.com/my-account/lost-password/shopping-cart-2.svg/shopping-cart-2.svg/shopping-cart-2.svg/shopping-cart-2.svg/shopping-cart-2.svg/shopping-cart-2.svg/shoppin/shopping-cart-2.1c6.del]
[wanjerisolutions.com/my-account/lost-password/shopping-cart-2.svg/shopping-cart-2.svg/shopping-cart-2.svg/shopping-cart-2.svg/shopping-cart-2.svg/shopping-cart-2.svg/shopping-cart-2.svg/index-3.html]
[wanjerisolutions.com/my-account/lost-password/shopping-cart-2.svg/shopping-cart-2.svg/shopping-cart-2.svg/shopping-cart-2.svg/shopping-cart-2.svg/shopping-cart-2.svg/shopping-cart-2.svg/index-3.html]
[wanjerisolutions.com/my-account/lost-password/shopping-cart-2.svg/shopping-cart-2.svg/shopping-cart-2.svg/shopping-cart-2.svg/shopping-cart-2.svg/shopping-cart-2.svg/shoppin/shopping-cart-2.1c7.del]
[wanjerisolutions.com/my-account/lost-password/shopping-cart-2.svg/shopping-cart-2.svg/shopping-cart-2.svg/shopping-cart-2.svg/shopping-cart-2.svg/shopping-cart-2.svg/shopping-cart-2.svg/index-4.html]
[wanjerisolutions.com/my-account/lost-password/shopping-cart-2.svg/shopping-cart-2.svg/shopping-cart-2.svg/shopping-cart-2.svg/shopping-cart-2.svg/shopping-cart-2.svg/shopping-cart-2.svg/index-4.html]
[wanjerisolutions.com/my-account/lost-password/shopping-cart-2.svg/shopping-cart-2.svg/shopping-cart-2.svg/shopping-cart-2.svg/shopping-cart-2.svg/shopping-cart-2.svg/shoppin/shopping-cart-2.1c8.del]
[wanjerisolutions.com/my-account/lost-password/shopping-cart-2.svg/shopping-cart-2.svg/shopping-cart-2.svg/shopping-cart-2.svg/shopping-cart-2.svg/shopping-cart-2.svg/shopping-cart-2.svg/index-5.html]
[wanjerisolutions.com/my-account/lost-password/shopping-cart-2.svg/shopping-cart-2.svg/shopping-cart-2.svg/shopping-cart-2.svg/shopping-cart-2.svg/shopping-cart-2.svg/shopping-cart-2.svg/index-5.html]
[wanjerisolutions.com/my-account/lost-password/shopping-cart-2.svg/shopping-cart-2.svg/shopping-cart-2.svg/shopping-cart-2.svg/shopping-cart-2.svg/shopping-cart-2.svg/shoppin/shopping-cart-2.1c9.del]
[wanjerisolutions.com/my-account/lost-password/shopping-cart-2.svg/shopping-cart-2.svg/shopping-cart-2.svg/shopping-cart-2.svg/shopping-cart-2.svg/shopping-cart-2.svg/shopping-cart-2.svg/index-6.html]
[wanjerisolutions.com/my-account/lost-password/shopping-cart-2.svg/shopping-cart-2.svg/shopping-cart-2.svg/shopping-cart-2.svg/shopping-cart-2.svg/shopping-cart-2.svg/shopping-cart-2.svg/index-6.html]
[wanjerisolutions.com/my-account/lost-password/shopping-cart-2.svg/shopping-cart-2.svg/shopping-cart-2.svg/shopping-cart-2.svg/shopping-cart-2.svg/shopping-cart-2.svg/shoppin/shopping-cart-2.1ca.del]
[wanjerisolutions.com/my-account/lost-password/shopping-cart-2.svg/shopping-cart-2.svg/shopping-cart-2.svg/shopping-cart-2.svg/shopping-cart-2.svg/shopping-cart-2.svg/shopping-cart-2.svg/index-7.html]
[wanjerisolutions.com/my-account/lost-password/shopping-cart-2.svg/shopping-cart-2.svg/shopping-cart-2.svg/shopping-cart-2.svg/shopping-cart-2.svg/shopping-cart-2.svg/shopping-cart-2.svg/index-7.html]
[wanjerisolutions.com/my-account/lost-password/shopping-cart-2.svg/shopping-cart-2.svg/shopping-cart-2.svg/shopping-cart-2.svg/shopping-cart-2.svg/shopping-cart-2.svg/shoppin/shopping-cart-2.1cb.del]
[wanjerisolutions.com/my-account/lost-password/shopping-cart-2.svg/shopping-cart-2.svg/shopping-cart-2.svg/shopping-cart-2.svg/shopping-cart-2.svg/shopping-cart-2.svg/shopping-cart-2.svg/index-8.html]
[wanjerisolutions.com/my-account/lost-password/shopping-cart-2.svg/shopping-cart-2.svg/shopping-cart-2.svg/shopping-cart-2.svg/shopping-cart-2.svg/shopping-cart-2.svg/shopping-cart-2.svg/index-8.html]
[wanjerisolutions.com/my-account/lost-password/shopping-cart-2.svg/shopping-cart-2.svg/shopping-cart-2.svg/shopping-cart-2.svg/shopping-cart-2.svg/shopping-cart-2.svg/shoppin/shopping-cart-2.1cc.del]
[wanjerisolutions.com/my-account/lost-password/shopping-cart-2.svg/shopping-cart-2.svg/shopping-cart-2.svg/shopping-cart-2.svg/shopping-cart-2.svg/shopping-cart-2.svg/shopping-cart-2.svg/index-9.html]
[wanjerisolutions.com/my-account/lost-password/shopping-cart-2.svg/shopping-cart-2.svg/shopping-cart-2.svg/shopping-cart-2.svg/shopping-cart-2.svg/shopping-cart-2.svg/shopping-cart-2.svg/index-9.html]
[wanjerisolutions.com/my-account/lost-password/shopping-cart-2.svg/shopping-cart-2.svg/shopping-cart-2.svg/shopping-cart-2.svg/shopping-cart-2.svg/shopping-cart-2.svg/shoppin/shopping-cart-2.1cd.del]
[wanjerisolutions.com/my-account/lost-password/shopping-cart-2.svg/shopping-cart-2.svg/shopping-cart-2.svg/shopping-cart-2.svg/shopping-cart-2.svg/shopping-cart-2.svg/shopping-cart-2.svg/index-10.html]
[wanjerisolutions.com/my-account/lost-password/shopping-cart-2.svg/shopping-cart-2.svg/shopping-cart-2.svg/shopping-cart-2.svg/shopping-cart-2.svg/shopping-cart-2.svg/shopping-cart-2.svg/index-10.html]
[wanjerisolutions.com/my-account/lost-password/shopping-cart-2.svg/shopping-cart-2.svg/shopping-cart-2.svg/shopping-cart-2.svg/shopping-cart-2.svg/shopping-cart-2.svg/shoppin/shopping-cart-2.1ce.del]
[wanjerisolutions.com/my-account/lost-password/shopping-cart-2.svg/shopping-cart-2.svg/shopping-cart-2.svg/shopping-cart-2.svg/shopping-cart-2.svg/shopping-cart-2.svg/shopping-cart-2.svg/index-11.html]
[wanjerisolutions.com/my-account/lost-password/shopping-cart-2.svg/shopping-cart-2.svg/shopping-cart-2.svg/shopping-cart-2.svg/shopping-cart-2.svg/shopping-cart-2.svg/shopping-cart-2.svg/index-11.html]
[wanjerisolutions.com/my-account/lost-password/shopping-cart-2.svg/shopping-cart-2.svg/shopping-cart-2.svg/shopping-cart-2.svg/shopping-cart-2.svg/shopping-cart-2.svg/shoppin/shopping-cart-2.1cf.del]
[wanjerisolutions.com/my-account/lost-password/shopping-cart-2.svg/shopping-cart-2.svg/shopping-cart-2.svg/shopping-cart-2.svg/shopping-cart-2.svg/shopping-cart-2.svg/shopping-cart-2.svg/index-12.html]
[wanjerisolutions.com/my-account/lost-password/shopping-cart-2.svg/shopping-cart-2.svg/shopping-cart-2.svg/shopping-cart-2.svg/shopping-cart-2.svg/shopping-cart-2.svg/shopping-cart-2.svg/index-12.html]
[wanjerisolutions.com/my-account/lost-password/shopping-cart-2.svg/shopping-cart-2.svg/shopping-cart-2.svg/shopping-cart-2.svg/shopping-cart-2.svg/shopping-cart-2.svg/shoppin/shopping-cart-2.1d0.del]
[wanjerisolutions.com/my-account/lost-password/shopping-cart-2.svg/shopping-cart-2.svg/shopping-cart-2.svg/shopping-cart-2.svg/shopping-cart-2.svg/shopping-cart-2.svg/shopping-cart-2.svg/index-13.html]
[wanjerisolutions.com/my-account/lost-password/shopping-cart-2.svg/shopping-cart-2.svg/shopping-cart-2.svg/shopping-cart-2.svg/shopping-cart-2.svg/shopping-cart-2.svg/shopping-cart-2.svg/index-13.html]
[wanjerisolutions.com/my-account/lost-password/shopping-cart-2.svg/shopping-cart-2.svg/shopping-cart-2.svg/shopping-cart-2.svg/shopping-cart-2.svg/shopping-cart-2.svg/shoppin/shopping-cart-2.1d1.del]
[wanjerisolutions.com/my-account/lost-password/shopping-cart-2.svg/shopping-cart-2.svg/shopping-cart-2.svg/shopping-cart-2.svg/shopping-cart-2.svg/shopping-cart-2.svg/shopping-cart-2.svg/index-14.html]
[wanjerisolutions.com/my-account/lost-password/shopping-cart-2.svg/shopping-cart-2.svg/shopping-cart-2.svg/shopping-cart-2.svg/shopping-cart-2.svg/shopping-cart-2.svg/shopping-cart-2.svg/index-14.html]
[wanjerisolutions.com/my-account/lost-password/shopping-cart-2.svg/shopping-cart-2.svg/shopping-cart-2.svg/shopping-cart-2.svg/shopping-cart-2.svg/shopping-cart-2.svg/shoppin/shopping-cart-2.1d2.del]
[wanjerisolutions.com/my-account/lost-password/shopping-cart-2.svg/shopping-cart-2.svg/shopping-cart-2.svg/shopping-cart-2.svg/shopping-cart-2.svg/shopping-cart-2.svg/shopping-cart-2.svg/index-15.html]
[wanjerisolutions.com/my-account/lost-password/shopping-cart-2.svg/shopping-cart-2.svg/shopping-cart-2.svg/shopping-cart-2.svg/shopping-cart-2.svg/shopping-cart-2.svg/shopping-cart-2.svg/index-15.html]
[wanjerisolutions.com/my-account/lost-password/shopping-cart-2.svg/shopping-cart-2.svg/shopping-cart-2.svg/shopping-cart-2.svg/shopping-cart-2.svg/shopping-cart-2.svg/shoppin/shopping-cart-2.1d3.del]
[wanjerisolutions.com/my-account/lost-password/shopping-cart-2.svg/shopping-cart-2.svg/shopping-cart-2.svg/shopping-cart-2.svg/shopping-cart-2.svg/shopping-cart-2.svg/shopping-cart-2.svg/index-16.html]
[wanjerisolutions.com/my-account/lost-password/shopping-cart-2.svg/shopping-cart-2.svg/shopping-cart-2.svg/shopping-cart-2.svg/shopping-cart-2.svg/shopping-cart-2.svg/shopping-cart-2.svg/index-16.html]
[wanjerisolutions.com/my-account/lost-password/shopping-cart-2.svg/shopping-cart-2.svg/shopping-cart-2.svg/shopping-cart-2.svg/shopping-cart-2.svg/shopping-cart-2.svg/shoppin/shopping-cart-2.1d4.del]
[wanjerisolutions.com/my-account/lost-password/shopping-cart-2.svg/shopping-cart-2.svg/shopping-cart-2.svg/shopping-cart-2.svg/shopping-cart-2.svg/shopping-cart-2.svg/shopping-cart-2.svg/index-17.html]
[wanjerisolutions.com/my-account/lost-password/shopping-cart-2.svg/shopping-cart-2.svg/shopping-cart-2.svg/shopping-cart-2.svg/shopping-cart-2.svg/shopping-cart-2.svg/shopping-cart-2.svg/index-17.html]
[wanjerisolutions.com/my-account/lost-password/shopping-cart-2.svg/shopping-cart-2.svg/shopping-cart-2.svg/shopping-cart-2.svg/shopping-cart-2.svg/shopping-cart-2.svg/shoppin/shopping-cart-2.1d5.del]
[wanjerisolutions.com/my-account/lost-password/shopping-cart-2.svg/shopping-cart-2.svg/shopping-cart-2.svg/shopping-cart-2.svg/shopping-cart-2.svg/shopping-cart-2.svg/shopping-cart-2.svg/index-18.html]
[wanjerisolutions.com/my-account/lost-password/shopping-cart-2.svg/shopping-cart-2.svg/shopping-cart-2.svg/shopping-cart-2.svg/shopping-cart-2.svg/shopping-cart-2.svg/shopping-cart-2.svg/index-18.html]
[wanjerisolutions.com/my-account/lost-password/shopping-cart-2.svg/shopping-cart-2.svg/shopping-cart-2.svg/shopping-cart-2.svg/shopping-cart-2.svg/shopping-cart-2.svg/shoppin/shopping-cart-2.1d6.del]
[wanjerisolutions.com/my-account/lost-password/shopping-cart-2.svg/shopping-cart-2.svg/shopping-cart-2.svg/shopping-cart-2.svg/shopping-cart-2.svg/shopping-cart-2.svg/shopping-cart-2.svg/index-19.html]
[wanjerisolutions.com/my-account/lost-password/shopping-cart-2.svg/shopping-cart-2.svg/shopping-cart-2.svg/shopping-cart-2.svg/shopping-cart-2.svg/shopping-cart-2.svg/shopping-cart-2.svg/index-19.html]
[wanjerisolutions.com/my-account/lost-password/shopping-cart-2.svg/shopping-cart-2.svg/shopping-cart-2.svg/shopping-cart-2.svg/shopping-cart-2.svg/shopping-cart-2.svg/shoppin/shopping-cart-2.1d7.del]
[wanjerisolutions.com/my-account/lost-password/shopping-cart-2.svg/shopping-cart-2.svg/shopping-cart-2.svg/shopping-cart-2.svg/shopping-cart-2.svg/shopping-cart-2.svg/shopping-cart-2.svg/index-20.html]
[wanjerisolutions.com/my-account/lost-password/shopping-cart-2.svg/shopping-cart-2.svg/shopping-cart-2.svg/shopping-cart-2.svg/shopping-cart-2.svg/shopping-cart-2.svg/shopping-cart-2.svg/index-20.html]
[wanjerisolutions.com/my-account/lost-password/shopping-cart-2.svg/shopping-cart-2.svg/shopping-cart-2.svg/shopping-cart-2.svg/shopping-cart-2.svg/shopping-cart-2.svg/shoppin/shopping-cart-2.1d8.del]
[wanjerisolutions.com/my-account/lost-password/shopping-cart-2.svg/shopping-cart-2.svg/shopping-cart-2.svg/shopping-cart-2.svg/shopping-cart-2.svg/shopping-cart-2.svg/shopping-cart-2.svg/index-21.html]
[wanjerisolutions.com/my-account/lost-password/shopping-cart-2.svg/shopping-cart-2.svg/shopping-cart-2.svg/shopping-cart-2.svg/shopping-cart-2.svg/shopping-cart-2.svg/shopping-cart-2.svg/index-21.html]
[wanjerisolutions.com/my-account/lost-password/shopping-cart-2.svg/shopping-cart-2.svg/shopping-cart-2.svg/shopping-cart-2.svg/shopping-cart-2.svg/shopping-cart-2.svg/shoppin/shopping-cart-2.1d9.del]
[wanjerisolutions.com/my-account/lost-password/shopping-cart-2.svg/shopping-cart-2.svg/shopping-cart-2.svg/shopping-cart-2.svg/shopping-cart-2.svg/shopping-cart-2.svg/shopping-cart-2.svg/index-22.html]
[wanjerisolutions.com/my-account/lost-password/shopping-cart-2.svg/shopping-cart-2.svg/shopping-cart-2.svg/shopping-cart-2.svg/shopping-cart-2.svg/shopping-cart-2.svg/shopping-cart-2.svg/index-22.html]
[wanjerisolutions.com/my-account/lost-password/shopping-cart-2.svg/shopping-cart-2.svg/shopping-cart-2.svg/shopping-cart-2.svg/shopping-cart-2.svg/shopping-cart-2.svg/shoppin/shopping-cart-2.1da.del]
[wanjerisolutions.com/my-account/lost-password/shopping-cart-2.svg/shopping-cart-2.svg/shopping-cart-2.svg/shopping-cart-2.svg/shopping-cart-2.svg/shopping-cart-2.svg/shopping-cart-2.svg/index-23.html]
[wanjerisolutions.com/my-account/lost-password/shopping-cart-2.svg/shopping-cart-2.svg/shopping-cart-2.svg/shopping-cart-2.svg/shopping-cart-2.svg/shopping-cart-2.svg/shopping-cart-2.svg/index-23.html]
[wanjerisolutions.com/my-account/lost-password/shopping-cart-2.svg/shopping-cart-2.svg/shopping-cart-2.svg/shopping-cart-2.svg/shopping-cart-2.svg/shopping-cart-2.svg/shoppin/shopping-cart-2.1db.del]
[wanjerisolutions.com/my-account/lost-password/shopping-cart-2.svg/shopping-cart-2.svg/shopping-cart-2.svg/shopping-cart-2.svg/shopping-cart-2.svg/shopping-cart-2.svg/shopping-cart-2.svg/index-24.html]
[wanjerisolutions.com/my-account/lost-password/shopping-cart-2.svg/shopping-cart-2.svg/shopping-cart-2.svg/shopping-cart-2.svg/shopping-cart-2.svg/shopping-cart-2.svg/shopping-cart-2.svg/index-24.html]
[wanjerisolutions.com/my-account/lost-password/shopping-cart-2.svg/shopping-cart-2.svg/shopping-cart-2.svg/shopping-cart-2.svg/shopping-cart-2.svg/shopping-cart-2.svg/shoppin/shopping-cart-2.1dc.del]
[wanjerisolutions.com/my-account/lost-password/shopping-cart-2.svg/shopping-cart-2.svg/shopping-cart-2.svg/shopping-cart-2.svg/shopping-cart-2.svg/shopping-cart-2.svg/shopping-cart-2.svg/index-25.html]
[wanjerisolutions.com/my-account/lost-password/shopping-cart-2.svg/shopping-cart-2.svg/shopping-cart-2.svg/shopping-cart-2.svg/shopping-cart-2.svg/shopping-cart-2.svg/shopping-cart-2.svg/index-25.html]
[wanjerisolutions.com/my-account/lost-password/shopping-cart-2.svg/shopping-cart-2.svg/shopping-cart-2.svg/shopping-cart-2.svg/shopping-cart-2.svg/shopping-cart-2.svg/shoppin/shopping-cart-2.1dd.del]
[wanjerisolutions.com/my-account/lost-password/shopping-cart-2.svg/shopping-cart-2.svg/shopping-cart-2.svg/shopping-cart-2.svg/shopping-cart-2.svg/shopping-cart-2.svg/shopping-cart-2.svg/index-26.html]
[wanjerisolutions.com/my-account/lost-password/shopping-cart-2.svg/shopping-cart-2.svg/shopping-cart-2.svg/shopping-cart-2.svg/shopping-cart-2.svg/shopping-cart-2.svg/shopping-cart-2.svg/index-26.html]
[wanjerisolutions.com/my-account/lost-password/shopping-cart-2.svg/shopping-cart-2.svg/shopping-cart-2.svg/shopping-cart-2.svg/shopping-cart-2.svg/shopping-cart-2.svg/shoppin/shopping-cart-2.1de.del]
[wanjerisolutions.com/my-account/lost-password/shopping-cart-2.svg/shopping-cart-2.svg/shopping-cart-2.svg/shopping-cart-2.svg/shopping-cart-2.svg/shopping-cart-2.svg/shopping-cart-2.svg/index-27.html]
[wanjerisolutions.com/my-account/lost-password/shopping-cart-2.svg/shopping-cart-2.svg/shopping-cart-2.svg/shopping-cart-2.svg/shopping-cart-2.svg/shopping-cart-2.svg/shopping-cart-2.svg/index-27.html]
[wanjerisolutions.com/my-account/lost-password/shopping-cart-2.svg/shopping-cart-2.svg/shopping-cart-2.svg/shopping-cart-2.svg/shopping-cart-2.svg/shopping-cart-2.svg/shoppin/shopping-cart-2.1df.del]
[wanjerisolutions.com/my-account/lost-password/shopping-cart-2.svg/shopping-cart-2.svg/shopping-cart-2.svg/shopping-cart-2.svg/shopping-cart-2.svg/shopping-cart-2.svg/shopping-cart-2.svg/index-28.html]
[wanjerisolutions.com/my-account/lost-password/shopping-cart-2.svg/shopping-cart-2.svg/shopping-cart-2.svg/shopping-cart-2.svg/shopping-cart-2.svg/shopping-cart-2.svg/shopping-cart-2.svg/index-28.html]
[wanjerisolutions.com/my-account/lost-password/shopping-cart-2.svg/shopping-cart-2.svg/shopping-cart-2.svg/shopping-cart-2.svg/shopping-cart-2.svg/shopping-cart-2.svg/shoppin/shopping-cart-2.1e0.del]
[wanjerisolutions.com/my-account/lost-password/shopping-cart-2.svg/shopping-cart-2.svg/shopping-cart-2.svg/shopping-cart-2.svg/shopping-cart-2.svg/shopping-cart-2.svg/shopping-cart-2.svg/index-29.html]
[wanjerisolutions.com/my-account/lost-password/shopping-cart-2.svg/shopping-cart-2.svg/shopping-cart-2.svg/shopping-cart-2.svg/shopping-cart-2.svg/shopping-cart-2.svg/shopping-cart-2.svg/index-29.html]
[wanjerisolutions.com/my-account/lost-password/shopping-cart-2.svg/shopping-cart-2.svg/shopping-cart-2.svg/shopping-cart-2.svg/shopping-cart-2.svg/shopping-cart-2.svg/shoppin/shopping-cart-2.1e1.del]
[wanjerisolutions.com/my-account/lost-password/shopping-cart-2.svg/shopping-cart-2.svg/shopping-cart-2.svg/shopping-cart-2.svg/shopping-cart-2.svg/shopping-cart-2.svg/shopping-cart-2.svg/index-30.html]
[wanjerisolutions.com/my-account/lost-password/shopping-cart-2.svg/shopping-cart-2.svg/shopping-cart-2.svg/shopping-cart-2.svg/shopping-cart-2.svg/shopping-cart-2.svg/shopping-cart-2.svg/index-30.html]
[wanjerisolutions.com/my-account/lost-password/shopping-cart-2.svg/shopping-cart-2.svg/shopping-cart-2.svg/shopping-cart-2.svg/shopping-cart-2.svg/shopping-cart-2.svg/shoppin/shopping-cart-2.1e2.del]
[wanjerisolutions.com/my-account/lost-password/shopping-cart-2.svg/shopping-cart-2.svg/shopping-cart-2.svg/shopping-cart-2.svg/shopping-cart-2.svg/shopping-cart-2.svg/shopping-cart-2.svg/index-31.html]
[wanjerisolutions.com/my-account/lost-password/shopping-cart-2.svg/shopping-cart-2.svg/shopping-cart-2.svg/shopping-cart-2.svg/shopping-cart-2.svg/shopping-cart-2.svg/shopping-cart-2.svg/index-31.html]
[wanjerisolutions.com/my-account/lost-password/shopping-cart-2.svg/shopping-cart-2.svg/shopping-cart-2.svg/shopping-cart-2.svg/shopping-cart-2.svg/shopping-cart-2.svg/shoppin/shopping-cart-2.1e3.del]
[wanjerisolutions.com/my-account/lost-password/shopping-cart-2.svg/shopping-cart-2.svg/shopping-cart-2.svg/shopping-cart-2.svg/shopping-cart-2.svg/shopping-cart-2.svg/shopping-cart-2.svg/index-32.html]
[wanjerisolutions.com/my-account/lost-password/shopping-cart-2.svg/shopping-cart-2.svg/shopping-cart-2.svg/shopping-cart-2.svg/shopping-cart-2.svg/shopping-cart-2.svg/shopping-cart-2.svg/index-32.html]
[wanjerisolutions.com/my-account/lost-password/shopping-cart-2.svg/shopping-cart-2.svg/shopping-cart-2.svg/shopping-cart-2.svg/shopping-cart-2.svg/shopping-cart-2.svg/shoppin/shopping-cart-2.1e4.del]
[wanjerisolutions.com/my-account/lost-password/shopping-cart-2.svg/shopping-cart-2.svg/shopping-cart-2.svg/shopping-cart-2.svg/shopping-cart-2.svg/shopping-cart-2.svg/shopping-cart-2.svg/index-33.html]
[wanjerisolutions.com/my-account/lost-password/shopping-cart-2.svg/shopping-cart-2.svg/shopping-cart-2.svg/shopping-cart-2.svg/shopping-cart-2.svg/shopping-cart-2.svg/shopping-cart-2.svg/index-33.html]
[wanjerisolutions.com/my-account/lost-password/shopping-cart-2.svg/shopping-cart-2.svg/shopping-cart-2.svg/shopping-cart-2.svg/shopping-cart-2.svg/shopping-cart-2.svg/shoppin/shopping-cart-2.1e5.del]
[wanjerisolutions.com/my-account/lost-password/shopping-cart-2.svg/shopping-cart-2.svg/shopping-cart-2.svg/shopping-cart-2.svg/shopping-cart-2.svg/shopping-cart-2.svg/shopping-cart-2.svg/index-34.html]
[wanjerisolutions.com/my-account/lost-password/shopping-cart-2.svg/shopping-cart-2.svg/shopping-cart-2.svg/shopping-cart-2.svg/shopping-cart-2.svg/shopping-cart-2.svg/shopping-cart-2.svg/index-34.html]
[wanjerisolutions.com/my-account/lost-password/shopping-cart-2.svg/shopping-cart-2.svg/shopping-cart-2.svg/shopping-cart-2.svg/shopping-cart-2.svg/shopping-cart-2.svg/shoppin/shopping-cart-2.1e6.del]
[wanjerisolutions.com/my-account/lost-password/shopping-cart-2.svg/shopping-cart-2.svg/shopping-cart-2.svg/shopping-cart-2.svg/shopping-cart-2.svg/shopping-cart-2.svg/shopping-cart-2.svg/index-35.html]
[wanjerisolutions.com/my-account/lost-password/shopping-cart-2.svg/shopping-cart-2.svg/shopping-cart-2.svg/shopping-cart-2.svg/shopping-cart-2.svg/shopping-cart-2.svg/shopping-cart-2.svg/index-35.html]
[wanjerisolutions.com/my-account/lost-password/shopping-cart-2.svg/shopping-cart-2.svg/shopping-cart-2.svg/shopping-cart-2.svg/shopping-cart-2.svg/shopping-cart-2.svg/shoppin/shopping-cart-2.1e7.del]
[wanjerisolutions.com/my-account/lost-password/shopping-cart-2.svg/shopping-cart-2.svg/shopping-cart-2.svg/shopping-cart-2.svg/shopping-cart-2.svg/shopping-cart-2.svg/shopping-cart-2.svg/index-36.html]
[wanjerisolutions.com/my-account/lost-password/shopping-cart-2.svg/shopping-cart-2.svg/shopping-cart-2.svg/shopping-cart-2.svg/shopping-cart-2.svg/shopping-cart-2.svg/shopping-cart-2.svg/index-36.html]
[wanjerisolutions.com/my-account/lost-password/shopping-cart-2.svg/shopping-cart-2.svg/shopping-cart-2.svg/shopping-cart-2.svg/shopping-cart-2.svg/shopping-cart-2.svg/shoppin/shopping-cart-2.1e8.del]
[wanjerisolutions.com/my-account/lost-password/shopping-cart-2.svg/shopping-cart-2.svg/shopping-cart-2.svg/shopping-cart-2.svg/shopping-cart-2.svg/shopping-cart-2.svg/shopping-cart-2.svg/index-37.html]
[wanjerisolutions.com/my-account/lost-password/shopping-cart-2.svg/shopping-cart-2.svg/shopping-cart-2.svg/shopping-cart-2.svg/shopping-cart-2.svg/shopping-cart-2.svg/shopping-cart-2.svg/index-37.html]
[wanjerisolutions.com/my-account/lost-password/shopping-cart-2.svg/shopping-cart-2.svg/shopping-cart-2.svg/shopping-cart-2.svg/shopping-cart-2.svg/shopping-cart-2.svg/shoppin/shopping-cart-2.1e9.del]
[wanjerisolutions.com/my-account/lost-password/shopping-cart-2.svg/shopping-cart-2.svg/shopping-cart-2.svg/shopping-cart-2.svg/shopping-cart-2.svg/shopping-cart-2.svg/shopping-cart-2.svg/index-38.html]
[wanjerisolutions.com/my-account/lost-password/shopping-cart-2.svg/shopping-cart-2.svg/shopping-cart-2.svg/shopping-cart-2.svg/shopping-cart-2.svg/shopping-cart-2.svg/shopping-cart-2.svg/index-38.html]
[wanjerisolutions.com/my-account/lost-password/shopping-cart-2.svg/shopping-cart-2.svg/shopping-cart-2.svg/shopping-cart-2.svg/shopping-cart-2.svg/shopping-cart-2.svg/shoppin/shopping-cart-2.1ea.del]
[wanjerisolutions.com/my-account/lost-password/shopping-cart-2.svg/shopping-cart-2.svg/shopping-cart-2.svg/shopping-cart-2.svg/shopping-cart-2.svg/shopping-cart-2.svg/shopping-cart-2.svg/index-39.html]
[wanjerisolutions.com/my-account/lost-password/shopping-cart-2.svg/shopping-cart-2.svg/shopping-cart-2.svg/shopping-cart-2.svg/shopping-cart-2.svg/shopping-cart-2.svg/shopping-cart-2.svg/index-39.html]
[wanjerisolutions.com/my-account/lost-password/shopping-cart-2.svg/shopping-cart-2.svg/shopping-cart-2.svg/shopping-cart-2.svg/shopping-cart-2.svg/shopping-cart-2.svg/shoppin/shopping-cart-2.1eb.del]
[wanjerisolutions.com/my-account/lost-password/shopping-cart-2.svg/shopping-cart-2.svg/shopping-cart-2.svg/shopping-cart-2.svg/shopping-cart-2.svg/shopping-cart-2.svg/shopping-cart-2.svg/index-40.html]
[wanjerisolutions.com/my-account/lost-password/shopping-cart-2.svg/shopping-cart-2.svg/shopping-cart-2.svg/shopping-cart-2.svg/shopping-cart-2.svg/shopping-cart-2.svg/shopping-cart-2.svg/index-40.html]
[wanjerisolutions.com/my-account/lost-password/shopping-cart-2.svg/shopping-cart-2.svg/shopping-cart-2.svg/shopping-cart-2.svg/shopping-cart-2.svg/shopping-cart-2.svg/shoppin/shopping-cart-2.1ec.del]
[wanjerisolutions.com/my-account/lost-password/shopping-cart-2.svg/shopping-cart-2.svg/shopping-cart-2.svg/shopping-cart-2.svg/shopping-cart-2.svg/shopping-cart-2.svg/shopping-cart-2.svg/index-41.html]
[wanjerisolutions.com/my-account/lost-password/shopping-cart-2.svg/shopping-cart-2.svg/shopping-cart-2.svg/shopping-cart-2.svg/shopping-cart-2.svg/shopping-cart-2.svg/shopping-cart-2.svg/index-41.html]
[wanjerisolutions.com/my-account/lost-password/shopping-cart-2.svg/shopping-cart-2.svg/shopping-cart-2.svg/shopping-cart-2.svg/shopping-cart-2.svg/shopping-cart-2.svg/shoppin/shopping-cart-2.1ed.del]
[wanjerisolutions.com/my-account/lost-password/shopping-cart-2.svg/shopping-cart-2.svg/shopping-cart-2.svg/shopping-cart-2.svg/shopping-cart-2.svg/shopping-cart-2.svg/shopping-cart-2.svg/index-42.html]
[wanjerisolutions.com/my-account/lost-password/shopping-cart-2.svg/shopping-cart-2.svg/shopping-cart-2.svg/shopping-cart-2.svg/shopping-cart-2.svg/shopping-cart-2.svg/shopping-cart-2.svg/index-42.html]
[wanjerisolutions.com/my-account/lost-password/shopping-cart-2.svg/shopping-cart-2.svg/shopping-cart-2.svg/shopping-cart-2.svg/shopping-cart-2.svg/shopping-cart-2.svg/shoppin/shopping-cart-2.1ee.del]
